I0315 14:33:45.867133   29828 vm.go:114] [vm kube-sys hyperstart] hyper_handle_event event EPOLLIN, he 0xdd0f38, fd 14, 0x41f0d8
I0315 14:33:45.867154   29828 vm.go:114] [vm kube-sys hyperstart] stderr_loop, seq 4
I0315 14:33:45.867182   29828 vm.go:114] [vm kube-sys hyperstart] pts_loop: read 90 data
I0315 14:33:45.867209   29828 vm.go:114] [vm kube-sys hyperstart] hyper_modify_event modify event fd 4, 0x41f178, event 5
I0315 14:33:45.867238   29828 vm.go:114] [vm kube-sys hyperstart] hyper_loop epoll_wait 1
I0315 14:33:45.867265   29828 vm.go:114] [vm kube-sys hyperstart] hyper_handle_event get event 4, he 0x41f178, fd 4. ops 0x41f010
I0315 14:33:45.867296   29828 vm.go:114] [vm kube-sys hyperstart] hyper_handle_event event EPOLLOUT, he 0x41f178, fd 4, 0x41f010
I0315 14:33:45.867312   29828 vm.go:114] [vm kube-sys io] <- writing to client #3
I0315 14:33:45.867321   29828 vm.go:121] DUMP: 
I0315 13:33:45.864770       8 dns.go:174] DNS server not ready, retry in 500 milliseconds
I0315 14:33:45.867370   29828 vm.go:114] [vm kube-sys hyperstart] hyper_modify_event modify event fd 4, 0x41f178, event 1
I0315 14:33:46.367042   29828 vm.go:114] [vm kube-sys hyperstart] hyper_loop epoll_wait 1
I0315 14:33:46.367072   29828 vm.go:114] [vm kube-sys hyperstart] hyper_handle_event get event 1, he 0xdd0f38, fd 14. ops 0x41f0d8
I0315 14:33:46.367079   29828 vm.go:114] [vm kube-sys hyperstart] hyper_handle_event event EPOLLIN, he 0xdd0f38, fd 14, 0x41f0d8
I0315 14:33:46.367109   29828 vm.go:114] [vm kube-sys hyperstart] stderr_loop, seq 4
I0315 14:33:46.367140   29828 vm.go:114] [vm kube-sys hyperstart] pts_loop: read 90 data
I0315 14:33:46.367167   29828 vm.go:114] [vm kube-sys hyperstart] hyper_modify_event modify event fd 4, 0x41f178, event 5
I0315 14:33:46.367192   29828 vm.go:114] [vm kube-sys hyperstart] hyper_loop epoll_wait 1
I0315 14:33:46.367218   29828 vm.go:114] [vm kube-sys hyperstart] hyper_handle_event get event 4, he 0x41f178, fd 4. ops 0x41f010
I0315 14:33:46.367260   29828 vm.go:114] [vm kube-sys hyperstart] hyper_handle_event event EPOLLOUT, he 0x41f178, fd 4, 0x41f010
I0315 14:33:46.367278   29828 vm.go:114] [vm kube-sys io] <- writing to client #3
I0315 14:33:46.367286   29828 vm.go:121] DUMP: 
I0315 13:33:46.364743       8 dns.go:174] DNS server not ready, retry in 500 milliseconds
I0315 14:33:46.367304   29828 vm.go:114] [vm kube-sys hyperstart] hyper_modify_event modify event fd 4, 0x41f178, event 1
I0315 14:33:46.385511   29828 vm.go:114] [vm kube-sys hyperstart] hyper_loop epoll_wait 1
I0315 14:33:46.385534   29828 vm.go:114] [vm kube-sys hyperstart] hyper_handle_event get event 1, he 0xdd0f38, fd 14. ops 0x41f0d8
I0315 14:33:46.385561   29828 vm.go:114] [vm kube-sys hyperstart] hyper_handle_event event EPOLLIN, he 0xdd0f38, fd 14, 0x41f0d8
I0315 14:33:46.385644   29828 vm.go:114] [vm kube-sys hyperstart] stderr_loop, seq 4
I0315 14:33:46.385672   29828 vm.go:114] [vm kube-sys hyperstart] pts_loop: read 517 data
I0315 14:33:46.385704   29828 vm.go:114] [vm kube-sys hyperstart] hyper_modify_event modify event fd 4, 0x41f178, event 5
I0315 14:33:46.385750   29828 vm.go:114] [vm kube-sys hyperstart] hyper_loop epoll_wait 1
I0315 14:33:46.385785   29828 vm.go:114] [vm kube-sys hyperstart] hyper_handle_event get event 4, he 0x41f178, fd 4. ops 0x41f010
I0315 14:33:46.385798   29828 vm.go:114] [vm kube-sys hyperstart] hyper_handle_event event EPOLLOUT, he 0x41f178, fd 4, 0x41f010
I0315 14:33:46.385818   29828 vm.go:114] [vm kube-sys io] <- writing to client #3
I0315 14:33:46.385823   29828 vm.go:121] DUMP: 
E0315 13:33:46.383119       8 reflector.go:199] k8s.io/dns/vendor/k8s.io/client-go/tools/cache/reflector.go:94: Failed to list *v1.Endpoints: Get https://10.96.0.1:443/api/v1/endpoints?resourceVersion=0: dial tcp 10.96.0.1:443: connect: network is unreachable
E0315 13:33:46.383222       8 reflector.go:199] k8s.io/dns/vendor/k8s.io/client-go/tools/cache/reflector.go:94: Failed to list *v1.Service: Get https://10.96.0.1:443/api/v1/services?resourceVersion=0: dial tcp 10.96.0.1:443: connect: network is unreachable
I0315 14:33:46.385875   29828 vm.go:114] [vm kube-sys hyperstart] hyper_modify_event modify event fd 4, 0x41f178, event 1
I0315 14:33:46.867071   29828 vm.go:114] [vm kube-sys hyperstart] hyper_loop epoll_wait 1
I0315 14:33:46.867095   29828 vm.go:114] [vm kube-sys hyperstart] hyper_handle_event get event 1, he 0xdd0f38, fd 14. ops 0x41f0d8
I0315 14:33:46.867103   29828 vm.go:114] [vm kube-sys hyperstart] hyper_handle_event event EPOLLIN, he 0xdd0f38, fd 14, 0x41f0d8
I0315 14:33:46.867131   29828 vm.go:114] [vm kube-sys hyperstart] stderr_loop, seq 4
I0315 14:33:46.867163   29828 vm.go:114] [vm kube-sys hyperstart] pts_loop: read 90 data
I0315 14:33:46.867187   29828 vm.go:114] [vm kube-sys hyperstart] hyper_modify_event modify event fd 4, 0x41f178, event 5
I0315 14:33:46.867221   29828 vm.go:114] [vm kube-sys hyperstart] hyper_loop epoll_wait 1
I0315 14:33:46.867245   29828 vm.go:114] [vm kube-sys hyperstart] hyper_handle_event get event 4, he 0x41f178, fd 4. ops 0x41f010
I0315 14:33:46.867270   29828 vm.go:114] [vm kube-sys hyperstart] hyper_handle_event event EPOLLOUT, he 0x41f178, fd 4, 0x41f010
I0315 14:33:46.867291   29828 vm.go:114] [vm kube-sys io] <- writing to client #3
I0315 14:33:46.867297   29828 vm.go:121] DUMP: 
I0315 13:33:46.864768       8 dns.go:174] DNS server not ready, retry in 500 milliseconds
I0315 14:33:46.867354   29828 vm.go:114] [vm kube-sys hyperstart] hyper_modify_event modify event fd 4, 0x41f178, event 1
I0315 14:33:47.367086   29828 vm.go:114] [vm kube-sys hyperstart] hyper_loop epoll_wait 1
I0315 14:33:47.367156   29828 vm.go:114] [vm kube-sys hyperstart] hyper_handle_event get event 1, he 0xdd0f38, fd 14. ops 0x41f0d8
I0315 14:33:47.367206   29828 vm.go:114] [vm kube-sys hyperstart] hyper_handle_event event EPOLLIN, he 0xdd0f38, fd 14, 0x41f0d8
I0315 14:33:47.367254   29828 vm.go:114] [vm kube-sys hyperstart] stderr_loop, seq 4
I0315 14:33:47.367303   29828 vm.go:114] [vm kube-sys hyperstart] pts_loop: read 90 data
I0315 14:33:47.367368   29828 vm.go:114] [vm kube-sys hyperstart] hyper_modify_event modify event fd 4, 0x41f178, event 5
I0315 14:33:47.367429   29828 vm.go:114] [vm kube-sys hyperstart] hyper_loop epoll_wait 1
I0315 14:33:47.367477   29828 vm.go:114] [vm kube-sys hyperstart] hyper_handle_event get event 4, he 0x41f178, fd 4. ops 0x41f010
I0315 14:33:47.367525   29828 vm.go:114] [vm kube-sys hyperstart] hyper_handle_event event EPOLLOUT, he 0x41f178, fd 4, 0x41f010
I0315 14:33:47.367559   29828 vm.go:114] [vm kube-sys io] <- writing to client #3
I0315 14:33:47.367567   29828 vm.go:121] DUMP: 
I0315 13:33:47.364763       8 dns.go:174] DNS server not ready, retry in 500 milliseconds
I0315 14:33:47.367658   29828 vm.go:114] [vm kube-sys hyperstart] hyper_modify_event modify event fd 4, 0x41f178, event 1
I0315 14:33:47.385988   29828 vm.go:114] [vm kube-sys hyperstart] hyper_loop epoll_wait 1
I0315 14:33:47.386019   29828 vm.go:114] [vm kube-sys hyperstart] hyper_handle_event get event 1, he 0xdd0f38, fd 14. ops 0x41f0d8
I0315 14:33:47.386063   29828 vm.go:114] [vm kube-sys hyperstart] hyper_handle_event event EPOLLIN, he 0xdd0f38, fd 14, 0x41f0d8
I0315 14:33:47.386086   29828 vm.go:114] [vm kube-sys hyperstart] stderr_loop, seq 4
I0315 14:33:47.386118   29828 vm.go:114] [vm kube-sys hyperstart] pts_loop: read 517 data
I0315 14:33:47.386152   29828 vm.go:114] [vm kube-sys hyperstart] hyper_modify_event modify event fd 4, 0x41f178, event 5
I0315 14:33:47.386186   29828 vm.go:114] [vm kube-sys hyperstart] hyper_loop epoll_wait 1
I0315 14:33:47.386210   29828 vm.go:114] [vm kube-sys hyperstart] hyper_handle_event get event 4, he 0x41f178, fd 4. ops 0x41f010
I0315 14:33:47.386235   29828 vm.go:114] [vm kube-sys hyperstart] hyper_handle_event event EPOLLOUT, he 0x41f178, fd 4, 0x41f010
I0315 14:33:47.386254   29828 vm.go:114] [vm kube-sys io] <- writing to client #3
I0315 14:33:47.386259   29828 vm.go:121] DUMP: 
E0315 13:33:47.383510       8 reflector.go:199] k8s.io/dns/vendor/k8s.io/client-go/tools/cache/reflector.go:94: Failed to list *v1.Endpoints: Get https://10.96.0.1:443/api/v1/endpoints?resourceVersion=0: dial tcp 10.96.0.1:443: connect: network is unreachable
E0315 13:33:47.383693       8 reflector.go:199] k8s.io/dns/vendor/k8s.io/client-go/tools/cache/reflector.go:94: Failed to list *v1.Service: Get https://10.96.0.1:443/api/v1/services?resourceVersion=0: dial tcp 10.96.0.1:443: connect: network is unreachable
I0315 14:33:47.386302   29828 vm.go:114] [vm kube-sys hyperstart] hyper_modify_event modify event fd 4, 0x41f178, event 1
I0315 14:33:47.867144   29828 vm.go:114] [vm kube-sys hyperstart] hyper_loop epoll_wait 1
I0315 14:33:47.867208   29828 vm.go:114] [vm kube-sys hyperstart] hyper_handle_event get event 1, he 0xdd0f38, fd 14. ops 0x41f0d8
I0315 14:33:47.867229   29828 vm.go:114] [vm kube-sys hyperstart] hyper_handle_event event EPOLLIN, he 0xdd0f38, fd 14, 0x41f0d8
I0315 14:33:47.867300   29828 vm.go:114] [vm kube-sys hyperstart] stderr_loop, seq 4
I0315 14:33:47.867364   29828 vm.go:114] [vm kube-sys hyperstart] pts_loop: read 90 data
I0315 14:33:47.867394   29828 vm.go:114] [vm kube-sys hyperstart] hyper_modify_event modify event fd 4, 0x41f178, event 5
I0315 14:33:47.867420   29828 vm.go:114] [vm kube-sys hyperstart] hyper_loop epoll_wait 1
I0315 14:33:47.867449   29828 vm.go:114] [vm kube-sys hyperstart] hyper_handle_event get event 4, he 0x41f178, fd 4. ops 0x41f010
I0315 14:33:47.867475   29828 vm.go:114] [vm kube-sys hyperstart] hyper_handle_event event EPOLLOUT, he 0x41f178, fd 4, 0x41f010
I0315 14:33:47.867496   29828 vm.go:114] [vm kube-sys io] <- writing to client #3
I0315 14:33:47.867510   29828 vm.go:121] DUMP: 
I0315 13:33:47.864773       8 dns.go:174] DNS server not ready, retry in 500 milliseconds
I0315 14:33:47.867544   29828 vm.go:114] [vm kube-sys hyperstart] hyper_modify_event modify event fd 4, 0x41f178, event 1
I0315 14:33:48.371072   29828 vm.go:114] [vm kube-sys hyperstart] hyper_loop epoll_wait 1
I0315 14:33:48.371480   29828 vm.go:114] [vm kube-sys hyperstart] hyper_handle_event get event 1, he 0xdd0f38, fd 14. ops 0x41f0d8
I0315 14:33:48.371560   29828 vm.go:114] [vm kube-sys hyperstart] hyper_handle_event event EPOLLIN, he 0xdd0f38, fd 14, 0x41f0d8
I0315 14:33:48.371659   29828 vm.go:114] [vm kube-sys hyperstart] stderr_loop, seq 4
I0315 14:33:48.371779   29828 vm.go:114] [vm kube-sys hyperstart] pts_loop: read 90 data
I0315 14:33:48.372008   29828 vm.go:114] [vm kube-sys hyperstart] hyper_modify_event modify event fd 4, 0x41f178, event 5
I0315 14:33:48.372137   29828 vm.go:114] [vm kube-sys hyperstart] hyper_loop epoll_wait 1
I0315 14:33:48.372234   29828 vm.go:114] [vm kube-sys hyperstart] hyper_handle_event get event 4, he 0x41f178, fd 4. ops 0x41f010
I0315 14:33:48.372342   29828 vm.go:114] [vm kube-sys hyperstart] hyper_handle_event event EPOLLOUT, he 0x41f178, fd 4, 0x41f010
I0315 14:33:48.372412   29828 vm.go:114] [vm kube-sys io] <- writing to client #3
I0315 14:33:48.372432   29828 vm.go:121] DUMP: 
I0315 13:33:48.364802       8 dns.go:174] DNS server not ready, retry in 500 milliseconds
I0315 14:33:48.372568   29828 vm.go:114] [vm kube-sys hyperstart] hyper_modify_event modify event fd 4, 0x41f178, event 1
I0315 14:33:48.387459   29828 vm.go:114] [vm kube-sys hyperstart] hyper_loop epoll_wait 1
I0315 14:33:48.387494   29828 vm.go:114] [vm kube-sys hyperstart] hyper_handle_event get event 1, he 0xdd0f38, fd 14. ops 0x41f0d8
I0315 14:33:48.387546   29828 vm.go:114] [vm kube-sys hyperstart] hyper_handle_event event EPOLLIN, he 0xdd0f38, fd 14, 0x41f0d8
I0315 14:33:48.387593   29828 vm.go:114] [vm kube-sys hyperstart] stderr_loop, seq 4
I0315 14:33:48.387643   29828 vm.go:114] [vm kube-sys hyperstart] pts_loop: read 517 data
I0315 14:33:48.387687   29828 vm.go:114] [vm kube-sys hyperstart] hyper_modify_event modify event fd 4, 0x41f178, event 5
I0315 14:33:48.387734   29828 vm.go:114] [vm kube-sys hyperstart] hyper_loop epoll_wait 1
I0315 14:33:48.387777   29828 vm.go:114] [vm kube-sys hyperstart] hyper_handle_event get event 4, he 0x41f178, fd 4. ops 0x41f010
I0315 14:33:48.387825   29828 vm.go:114] [vm kube-sys hyperstart] hyper_handle_event event EPOLLOUT, he 0x41f178, fd 4, 0x41f010
I0315 14:33:48.387928   29828 vm.go:114] [vm kube-sys io] <- writing to client #3
I0315 14:33:48.387943   29828 vm.go:121] DUMP: 
E0315 13:33:48.384315       8 reflector.go:199] k8s.io/dns/vendor/k8s.io/client-go/tools/cache/reflector.go:94: Failed to list *v1.Endpoints: Get https://10.96.0.1:443/api/v1/endpoints?resourceVersion=0: dial tcp 10.96.0.1:443: connect: network is unreachable
E0315 13:33:48.384834       8 reflector.go:199] k8s.io/dns/vendor/k8s.io/client-go/tools/cache/reflector.go:94: Failed to list *v1.Service: Get https://10.96.0.1:443/api/v1/services?resourceVersion=0: dial tcp 10.96.0.1:443: connect: network is unreachable
I0315 14:33:48.387985   29828 vm.go:114] [vm kube-sys hyperstart] hyper_modify_event modify event fd 4, 0x41f178, event 1
I0315 14:33:48.867145   29828 vm.go:114] [vm kube-sys hyperstart] hyper_loop epoll_wait 1
I0315 14:33:48.867177   29828 vm.go:114] [vm kube-sys hyperstart] hyper_handle_event get event 1, he 0xdd0f38, fd 14. ops 0x41f0d8
I0315 14:33:48.867234   29828 vm.go:114] [vm kube-sys hyperstart] hyper_handle_event event EPOLLIN, he 0xdd0f38, fd 14, 0x41f0d8
I0315 14:33:48.867296   29828 vm.go:114] [vm kube-sys hyperstart] stderr_loop, seq 4
I0315 14:33:48.867437   29828 vm.go:114] [vm kube-sys hyperstart] pts_loop: read 90 data
I0315 14:33:48.867524   29828 vm.go:114] [vm kube-sys hyperstart] hyper_modify_event modify event fd 4, 0x41f178, event 5
I0315 14:33:48.867574   29828 vm.go:114] [vm kube-sys hyperstart] hyper_loop epoll_wait 1
I0315 14:33:48.867621   29828 vm.go:114] [vm kube-sys hyperstart] hyper_handle_event get event 4, he 0x41f178, fd 4. ops 0x41f010
I0315 14:33:48.867657   29828 vm.go:114] [vm kube-sys hyperstart] hyper_handle_event event EPOLLOUT, he 0x41f178, fd 4, 0x41f010
I0315 14:33:48.867686   29828 vm.go:114] [vm kube-sys io] <- writing to client #3
I0315 14:33:48.867698   29828 vm.go:121] DUMP: 
I0315 13:33:48.864809       8 dns.go:174] DNS server not ready, retry in 500 milliseconds
I0315 14:33:48.867771   29828 vm.go:114] [vm kube-sys hyperstart] hyper_modify_event modify event fd 4, 0x41f178, event 1
I0315 14:33:49.367200   29828 vm.go:114] [vm kube-sys hyperstart] hyper_loop epoll_wait 1
I0315 14:33:49.367309   29828 vm.go:114] [vm kube-sys hyperstart] hyper_handle_event get event 1, he 0xdd0f38, fd 14. ops 0x41f0d8
I0315 14:33:49.367433   29828 vm.go:114] [vm kube-sys hyperstart] hyper_handle_event event EPOLLIN, he 0xdd0f38, fd 14, 0x41f0d8
I0315 14:33:49.367502   29828 vm.go:114] [vm kube-sys hyperstart] stderr_loop, seq 4
I0315 14:33:49.367588   29828 vm.go:114] [vm kube-sys hyperstart] pts_loop: read 90 data
I0315 14:33:49.367644   29828 vm.go:114] [vm kube-sys hyperstart] hyper_modify_event modify event fd 4, 0x41f178, event 5
I0315 14:33:49.367740   29828 vm.go:114] [vm kube-sys hyperstart] hyper_loop epoll_wait 1
I0315 14:33:49.367797   29828 vm.go:114] [vm kube-sys hyperstart] hyper_handle_event get event 4, he 0x41f178, fd 4. ops 0x41f010
I0315 14:33:49.371534   29828 vm.go:114] [vm kube-sys hyperstart] hyper_handle_event event EPOLLOUT, he 0x41f178, fd 4, 0x41f010
I0315 14:33:49.371571   29828 vm.go:114] [vm kube-sys io] <- writing to client #3
I0315 14:33:49.371580   29828 vm.go:121] DUMP: 
I0315 13:33:49.364782       8 dns.go:174] DNS server not ready, retry in 500 milliseconds
I0315 14:33:49.371596   29828 vm.go:114] [vm kube-sys hyperstart] hyper_modify_event modify event fd 4, 0x41f178, event 1
I0315 14:33:49.386947   29828 vm.go:114] [vm kube-sys hyperstart] hyper_loop epoll_wait 1
I0315 14:33:49.386976   29828 vm.go:114] [vm kube-sys hyperstart] hyper_handle_event get event 1, he 0xdd0f38, fd 14. ops 0x41f0d8
I0315 14:33:49.386987   29828 vm.go:114] [vm kube-sys hyperstart] hyper_handle_event event EPOLLIN, he 0xdd0f38, fd 14, 0x41f0d8
I0315 14:33:49.387007   29828 vm.go:114] [vm kube-sys hyperstart] stderr_loop, seq 4
I0315 14:33:49.387034   29828 vm.go:114] [vm kube-sys hyperstart] pts_loop: read 260 data
I0315 14:33:49.387060   29828 vm.go:114] [vm kube-sys hyperstart] hyper_modify_event modify event fd 4, 0x41f178, event 5
I0315 14:33:49.387097   29828 vm.go:114] [vm kube-sys hyperstart] hyper_loop epoll_wait 1
I0315 14:33:49.387126   29828 vm.go:114] [vm kube-sys hyperstart] hyper_handle_event get event 4, he 0x41f178, fd 4. ops 0x41f010
I0315 14:33:49.387152   29828 vm.go:114] [vm kube-sys hyperstart] hyper_handle_event event EPOLLOUT, he 0x41f178, fd 4, 0x41f010
I0315 14:33:49.387173   29828 vm.go:114] [vm kube-sys io] <- writing to client #3
I0315 14:33:49.387182   29828 vm.go:121] DUMP: 
E0315 13:33:49.384668       8 reflector.go:199] k8s.io/dns/vendor/k8s.io/client-go/tools/cache/reflector.go:94: Failed to list *v1.Endpoints: Get https://10.96.0.1:443/api/v1/endpoints?resourceVersion=0: dial tcp 10.96.0.1:443: connect: network is unreachable
I0315 14:33:49.387211   29828 vm.go:114] [vm kube-sys hyperstart] hyper_modify_event modify event fd 4, 0x41f178, event 1
I0315 14:33:49.387443   29828 vm.go:114] [vm kube-sys hyperstart] hyper_loop epoll_wait 1
I0315 14:33:49.387518   29828 vm.go:114] [vm kube-sys hyperstart] hyper_handle_event get event 1, he 0xdd0f38, fd 14. ops 0x41f0d8
I0315 14:33:49.387529   29828 vm.go:114] [vm kube-sys hyperstart] hyper_handle_event event EPOLLIN, he 0xdd0f38, fd 14, 0x41f0d8
I0315 14:33:49.387557   29828 vm.go:114] [vm kube-sys hyperstart] stderr_loop, seq 4
I0315 14:33:49.387579   29828 vm.go:114] [vm kube-sys hyperstart] pts_loop: read 257 data
I0315 14:33:49.387604   29828 vm.go:114] [vm kube-sys hyperstart] hyper_modify_event modify event fd 4, 0x41f178, event 5
I0315 14:33:49.387631   29828 vm.go:114] [vm kube-sys hyperstart] hyper_loop epoll_wait 1
I0315 14:33:49.387654   29828 vm.go:114] [vm kube-sys hyperstart] hyper_handle_event get event 4, he 0x41f178, fd 4. ops 0x41f010
I0315 14:33:49.387678   29828 vm.go:114] [vm kube-sys hyperstart] hyper_handle_event event EPOLLOUT, he 0x41f178, fd 4, 0x41f010
I0315 14:33:49.387696   29828 vm.go:114] [vm kube-sys io] <- writing to client #3
I0315 14:33:49.387702   29828 vm.go:121] DUMP: 
E0315 13:33:49.385176       8 reflector.go:199] k8s.io/dns/vendor/k8s.io/client-go/tools/cache/reflector.go:94: Failed to list *v1.Service: Get https://10.96.0.1:443/api/v1/services?resourceVersion=0: dial tcp 10.96.0.1:443: connect: network is unreachable
I0315 14:33:49.387737   29828 vm.go:114] [vm kube-sys hyperstart] hyper_modify_event modify event fd 4, 0x41f178, event 1
I0315 14:33:49.867049   29828 vm.go:114] [vm kube-sys hyperstart] hyper_loop epoll_wait 1
I0315 14:33:49.867075   29828 vm.go:114] [vm kube-sys hyperstart] hyper_handle_event get event 1, he 0xdd0f38, fd 14. ops 0x41f0d8
I0315 14:33:49.867090   29828 vm.go:114] [vm kube-sys hyperstart] hyper_handle_event event EPOLLIN, he 0xdd0f38, fd 14, 0x41f0d8
I0315 14:33:49.867123   29828 vm.go:114] [vm kube-sys hyperstart] stderr_loop, seq 4
I0315 14:33:49.867155   29828 vm.go:114] [vm kube-sys hyperstart] pts_loop: read 90 data
I0315 14:33:49.867182   29828 vm.go:114] [vm kube-sys hyperstart] hyper_modify_event modify event fd 4, 0x41f178, event 5
I0315 14:33:49.867218   29828 vm.go:114] [vm kube-sys hyperstart] hyper_loop epoll_wait 1
I0315 14:33:49.867246   29828 vm.go:114] [vm kube-sys hyperstart] hyper_handle_event get event 4, he 0x41f178, fd 4. ops 0x41f010
I0315 14:33:49.867273   29828 vm.go:114] [vm kube-sys hyperstart] hyper_handle_event event EPOLLOUT, he 0x41f178, fd 4, 0x41f010
I0315 14:33:49.867293   29828 vm.go:114] [vm kube-sys io] <- writing to client #3
I0315 14:33:49.867299   29828 vm.go:121] DUMP: 
I0315 13:33:49.864777       8 dns.go:174] DNS server not ready, retry in 500 milliseconds
I0315 14:33:49.867397   29828 vm.go:114] [vm kube-sys hyperstart] hyper_modify_event modify event fd 4, 0x41f178, event 1
I0315 14:33:50.367016   29828 vm.go:114] [vm kube-sys hyperstart] hyper_loop epoll_wait 1
I0315 14:33:50.367036   29828 vm.go:114] [vm kube-sys hyperstart] hyper_handle_event get event 1, he 0xdd0f38, fd 14. ops 0x41f0d8
I0315 14:33:50.367063   29828 vm.go:114] [vm kube-sys hyperstart] hyper_handle_event event EPOLLIN, he 0xdd0f38, fd 14, 0x41f0d8
I0315 14:33:50.367086   29828 vm.go:114] [vm kube-sys hyperstart] stderr_loop, seq 4
I0315 14:33:50.367119   29828 vm.go:114] [vm kube-sys hyperstart] pts_loop: read 90 data
I0315 14:33:50.367145   29828 vm.go:114] [vm kube-sys hyperstart] hyper_modify_event modify event fd 4, 0x41f178, event 5
I0315 14:33:50.367178   29828 vm.go:114] [vm kube-sys hyperstart] hyper_loop epoll_wait 1
I0315 14:33:50.367202   29828 vm.go:114] [vm kube-sys hyperstart] hyper_handle_event get event 4, he 0x41f178, fd 4. ops 0x41f010
I0315 14:33:50.367242   29828 vm.go:114] [vm kube-sys hyperstart] hyper_handle_event event EPOLLOUT, he 0x41f178, fd 4, 0x41f010
I0315 14:33:50.367287   29828 vm.go:114] [vm kube-sys io] <- writing to client #3
I0315 14:33:50.367295   29828 vm.go:121] DUMP: 
I0315 13:33:50.364736       8 dns.go:174] DNS server not ready, retry in 500 milliseconds
I0315 14:33:50.367349   29828 vm.go:114] [vm kube-sys hyperstart] hyper_modify_event modify event fd 4, 0x41f178, event 1
I0315 14:33:50.387205   29828 vm.go:114] [vm kube-sys hyperstart] hyper_loop epoll_wait 1
I0315 14:33:50.387222   29828 vm.go:114] [vm kube-sys hyperstart] hyper_handle_event get event 1, he 0xdd0f38, fd 14. ops 0x41f0d8
I0315 14:33:50.387245   29828 vm.go:114] [vm kube-sys hyperstart] hyper_handle_event event EPOLLIN, he 0xdd0f38, fd 14, 0x41f0d8
I0315 14:33:50.387272   29828 vm.go:114] [vm kube-sys hyperstart] stderr_loop, seq 4
I0315 14:33:50.387303   29828 vm.go:114] [vm kube-sys hyperstart] pts_loop: read 260 data
I0315 14:33:50.387328   29828 vm.go:114] [vm kube-sys hyperstart] hyper_modify_event modify event fd 4, 0x41f178, event 5
I0315 14:33:50.387377   29828 vm.go:114] [vm kube-sys hyperstart] hyper_loop epoll_wait 1
I0315 14:33:50.387412   29828 vm.go:114] [vm kube-sys hyperstart] hyper_handle_event get event 4, he 0x41f178, fd 4. ops 0x41f010
I0315 14:33:50.387439   29828 vm.go:114] [vm kube-sys hyperstart] hyper_handle_event event EPOLLOUT, he 0x41f178, fd 4, 0x41f010
I0315 14:33:50.387455   29828 vm.go:114] [vm kube-sys io] <- writing to client #3
I0315 14:33:50.387460   29828 vm.go:121] DUMP: 
E0315 13:33:50.384963       8 reflector.go:199] k8s.io/dns/vendor/k8s.io/client-go/tools/cache/reflector.go:94: Failed to list *v1.Endpoints: Get https://10.96.0.1:443/api/v1/endpoints?resourceVersion=0: dial tcp 10.96.0.1:443: connect: network is unreachable
I0315 14:33:50.387515   29828 vm.go:114] [vm kube-sys hyperstart] hyper_modify_event modify event fd 4, 0x41f178, event 1
I0315 14:33:50.387765   29828 vm.go:114] [vm kube-sys hyperstart] hyper_loop epoll_wait 1
I0315 14:33:50.387807   29828 vm.go:114] [vm kube-sys hyperstart] hyper_handle_event get event 1, he 0xdd0f38, fd 14. ops 0x41f0d8
I0315 14:33:50.387835   29828 vm.go:114] [vm kube-sys hyperstart] hyper_handle_event event EPOLLIN, he 0xdd0f38, fd 14, 0x41f0d8
I0315 14:33:50.387863   29828 vm.go:114] [vm kube-sys hyperstart] stderr_loop, seq 4
I0315 14:33:50.387880   29828 vm.go:114] [vm kube-sys hyperstart] pts_loop: read 257 data
I0315 14:33:50.387907   29828 vm.go:114] [vm kube-sys hyperstart] hyper_modify_event modify event fd 4, 0x41f178, event 5
I0315 14:33:50.387930   29828 vm.go:114] [vm kube-sys hyperstart] hyper_loop epoll_wait 1
I0315 14:33:50.387955   29828 vm.go:114] [vm kube-sys hyperstart] hyper_handle_event get event 4, he 0x41f178, fd 4. ops 0x41f010
I0315 14:33:50.387982   29828 vm.go:114] [vm kube-sys hyperstart] hyper_handle_event event EPOLLOUT, he 0x41f178, fd 4, 0x41f010
I0315 14:33:50.387997   29828 vm.go:114] [vm kube-sys io] <- writing to client #3
I0315 14:33:50.388001   29828 vm.go:121] DUMP: 
E0315 13:33:50.385578       8 reflector.go:199] k8s.io/dns/vendor/k8s.io/client-go/tools/cache/reflector.go:94: Failed to list *v1.Service: Get https://10.96.0.1:443/api/v1/services?resourceVersion=0: dial tcp 10.96.0.1:443: connect: network is unreachable
I0315 14:33:50.388039   29828 vm.go:114] [vm kube-sys hyperstart] hyper_modify_event modify event fd 4, 0x41f178, event 1
I0315 14:33:50.867105   29828 vm.go:114] [vm kube-sys hyperstart] hyper_loop epoll_wait 1
I0315 14:33:50.867137   29828 vm.go:114] [vm kube-sys hyperstart] hyper_handle_event get event 1, he 0xdd0f38, fd 14. ops 0x41f0d8
I0315 14:33:50.867208   29828 vm.go:114] [vm kube-sys hyperstart] hyper_handle_event event EPOLLIN, he 0xdd0f38, fd 14, 0x41f0d8
I0315 14:33:50.867322   29828 vm.go:114] [vm kube-sys hyperstart] stderr_loop, seq 4
I0315 14:33:50.867379   29828 vm.go:114] [vm kube-sys hyperstart] pts_loop: read 90 data
I0315 14:33:50.867420   29828 vm.go:114] [vm kube-sys hyperstart] hyper_modify_event modify event fd 4, 0x41f178, event 5
I0315 14:33:50.867452   29828 vm.go:114] [vm kube-sys hyperstart] hyper_loop epoll_wait 1
I0315 14:33:50.867477   29828 vm.go:114] [vm kube-sys hyperstart] hyper_handle_event get event 4, he 0x41f178, fd 4. ops 0x41f010
I0315 14:33:50.867502   29828 vm.go:114] [vm kube-sys hyperstart] hyper_handle_event event EPOLLOUT, he 0x41f178, fd 4, 0x41f010
I0315 14:33:50.867519   29828 vm.go:114] [vm kube-sys io] <- writing to client #3
I0315 14:33:50.867524   29828 vm.go:121] DUMP: 
I0315 13:33:50.864796       8 dns.go:174] DNS server not ready, retry in 500 milliseconds
I0315 14:33:50.867563   29828 vm.go:114] [vm kube-sys hyperstart] hyper_modify_event modify event fd 4, 0x41f178, event 1
I0315 14:33:51.366975   29828 vm.go:114] [vm kube-sys hyperstart] hyper_loop epoll_wait 1
I0315 14:33:51.366997   29828 vm.go:114] [vm kube-sys hyperstart] hyper_handle_event get event 1, he 0xdd0f38, fd 14. ops 0x41f0d8
I0315 14:33:51.367005   29828 vm.go:114] [vm kube-sys hyperstart] hyper_handle_event event EPOLLIN, he 0xdd0f38, fd 14, 0x41f0d8
I0315 14:33:51.367032   29828 vm.go:114] [vm kube-sys hyperstart] stderr_loop, seq 4
I0315 14:33:51.367065   29828 vm.go:114] [vm kube-sys hyperstart] pts_loop: read 90 data
I0315 14:33:51.367089   29828 vm.go:114] [vm kube-sys hyperstart] hyper_modify_event modify event fd 4, 0x41f178, event 5
I0315 14:33:51.367122   29828 vm.go:114] [vm kube-sys hyperstart] hyper_loop epoll_wait 1
I0315 14:33:51.367146   29828 vm.go:114] [vm kube-sys hyperstart] hyper_handle_event get event 4, he 0x41f178, fd 4. ops 0x41f010
I0315 14:33:51.367171   29828 vm.go:114] [vm kube-sys hyperstart] hyper_handle_event event EPOLLOUT, he 0x41f178, fd 4, 0x41f010
I0315 14:33:51.367193   29828 vm.go:114] [vm kube-sys io] <- writing to client #3
I0315 14:33:51.367198   29828 vm.go:121] DUMP: 
I0315 13:33:51.364738       8 dns.go:174] DNS server not ready, retry in 500 milliseconds
I0315 14:33:51.367243   29828 vm.go:114] [vm kube-sys hyperstart] hyper_modify_event modify event fd 4, 0x41f178, event 1
I0315 14:33:51.387492   29828 vm.go:114] [vm kube-sys hyperstart] hyper_loop epoll_wait 1
I0315 14:33:51.387521   29828 vm.go:114] [vm kube-sys hyperstart] hyper_handle_event get event 1, he 0xdd0f38, fd 14. ops 0x41f0d8
I0315 14:33:51.387527   29828 vm.go:114] [vm kube-sys hyperstart] hyper_handle_event event EPOLLIN, he 0xdd0f38, fd 14, 0x41f0d8
I0315 14:33:51.387555   29828 vm.go:114] [vm kube-sys hyperstart] stderr_loop, seq 4
I0315 14:33:51.387586   29828 vm.go:114] [vm kube-sys hyperstart] pts_loop: read 260 data
I0315 14:33:51.387611   29828 vm.go:114] [vm kube-sys hyperstart] hyper_modify_event modify event fd 4, 0x41f178, event 5
I0315 14:33:51.387644   29828 vm.go:114] [vm kube-sys hyperstart] hyper_loop epoll_wait 1
I0315 14:33:51.387668   29828 vm.go:114] [vm kube-sys hyperstart] hyper_handle_event get event 4, he 0x41f178, fd 4. ops 0x41f010
I0315 14:33:51.387693   29828 vm.go:114] [vm kube-sys hyperstart] hyper_handle_event event EPOLLOUT, he 0x41f178, fd 4, 0x41f010
I0315 14:33:51.387712   29828 vm.go:114] [vm kube-sys io] <- writing to client #3
I0315 14:33:51.387717   29828 vm.go:121] DUMP: 
E0315 13:33:51.385267       8 reflector.go:199] k8s.io/dns/vendor/k8s.io/client-go/tools/cache/reflector.go:94: Failed to list *v1.Endpoints: Get https://10.96.0.1:443/api/v1/endpoints?resourceVersion=0: dial tcp 10.96.0.1:443: connect: network is unreachable
I0315 14:33:51.387763   29828 vm.go:114] [vm kube-sys hyperstart] hyper_modify_event modify event fd 4, 0x41f178, event 1
I0315 14:33:51.388033   29828 vm.go:114] [vm kube-sys hyperstart] hyper_loop epoll_wait 1
I0315 14:33:51.388055   29828 vm.go:114] [vm kube-sys hyperstart] hyper_handle_event get event 1, he 0xdd0f38, fd 14. ops 0x41f0d8
I0315 14:33:51.388080   29828 vm.go:114] [vm kube-sys hyperstart] hyper_handle_event event EPOLLIN, he 0xdd0f38, fd 14, 0x41f0d8
I0315 14:33:51.388108   29828 vm.go:114] [vm kube-sys hyperstart] stderr_loop, seq 4
I0315 14:33:51.388128   29828 vm.go:114] [vm kube-sys hyperstart] pts_loop: read 257 data
I0315 14:33:51.388153   29828 vm.go:114] [vm kube-sys hyperstart] hyper_modify_event modify event fd 4, 0x41f178, event 5
I0315 14:33:51.388180   29828 vm.go:114] [vm kube-sys hyperstart] hyper_loop epoll_wait 1
I0315 14:33:51.388203   29828 vm.go:114] [vm kube-sys hyperstart] hyper_handle_event get event 4, he 0x41f178, fd 4. ops 0x41f010
I0315 14:33:51.388228   29828 vm.go:114] [vm kube-sys hyperstart] hyper_handle_event event EPOLLOUT, he 0x41f178, fd 4, 0x41f010
I0315 14:33:51.388244   29828 vm.go:114] [vm kube-sys io] <- writing to client #3
I0315 14:33:51.388248   29828 vm.go:121] DUMP: 
E0315 13:33:51.385858       8 reflector.go:199] k8s.io/dns/vendor/k8s.io/client-go/tools/cache/reflector.go:94: Failed to list *v1.Service: Get https://10.96.0.1:443/api/v1/services?resourceVersion=0: dial tcp 10.96.0.1:443: connect: network is unreachable
I0315 14:33:51.388287   29828 vm.go:114] [vm kube-sys hyperstart] hyper_modify_event modify event fd 4, 0x41f178, event 1
I0315 14:33:51.867046   29828 vm.go:114] [vm kube-sys hyperstart] hyper_loop epoll_wait 1
I0315 14:33:51.867068   29828 vm.go:114] [vm kube-sys hyperstart] hyper_handle_event get event 1, he 0xdd0f38, fd 14. ops 0x41f0d8
I0315 14:33:51.867092   29828 vm.go:114] [vm kube-sys hyperstart] hyper_handle_event event EPOLLIN, he 0xdd0f38, fd 14, 0x41f0d8
I0315 14:33:51.867118   29828 vm.go:114] [vm kube-sys hyperstart] stderr_loop, seq 4
I0315 14:33:51.867154   29828 vm.go:114] [vm kube-sys hyperstart] pts_loop: read 90 data
I0315 14:33:51.867175   29828 vm.go:114] [vm kube-sys hyperstart] hyper_modify_event modify event fd 4, 0x41f178, event 5
I0315 14:33:51.867208   29828 vm.go:114] [vm kube-sys hyperstart] hyper_loop epoll_wait 1
I0315 14:33:51.867236   29828 vm.go:114] [vm kube-sys hyperstart] hyper_handle_event get event 4, he 0x41f178, fd 4. ops 0x41f010
I0315 14:33:51.867257   29828 vm.go:114] [vm kube-sys hyperstart] hyper_handle_event event EPOLLOUT, he 0x41f178, fd 4, 0x41f010
I0315 14:33:51.867274   29828 vm.go:114] [vm kube-sys io] <- writing to client #3
I0315 14:33:51.867279   29828 vm.go:121] DUMP: 
I0315 13:33:51.864786       8 dns.go:174] DNS server not ready, retry in 500 milliseconds
I0315 14:33:51.867309   29828 vm.go:114] [vm kube-sys hyperstart] hyper_modify_event modify event fd 4, 0x41f178, event 1
I0315 14:33:52.366991   29828 vm.go:114] [vm kube-sys hyperstart] hyper_loop epoll_wait 1
I0315 14:33:52.367024   29828 vm.go:114] [vm kube-sys hyperstart] hyper_handle_event get event 1, he 0xdd0f38, fd 14. ops 0x41f0d8
I0315 14:33:52.367030   29828 vm.go:114] [vm kube-sys hyperstart] hyper_handle_event event EPOLLIN, he 0xdd0f38, fd 14, 0x41f0d8
I0315 14:33:52.367050   29828 vm.go:114] [vm kube-sys hyperstart] stderr_loop, seq 4
I0315 14:33:52.367081   29828 vm.go:114] [vm kube-sys hyperstart] pts_loop: read 90 data
I0315 14:33:52.367105   29828 vm.go:114] [vm kube-sys hyperstart] hyper_modify_event modify event fd 4, 0x41f178, event 5
I0315 14:33:52.367139   29828 vm.go:114] [vm kube-sys hyperstart] hyper_loop epoll_wait 1
I0315 14:33:52.367163   29828 vm.go:114] [vm kube-sys hyperstart] hyper_handle_event get event 4, he 0x41f178, fd 4. ops 0x41f010
I0315 14:33:52.367187   29828 vm.go:114] [vm kube-sys hyperstart] hyper_handle_event event EPOLLOUT, he 0x41f178, fd 4, 0x41f010
I0315 14:33:52.367209   29828 vm.go:114] [vm kube-sys io] <- writing to client #3
I0315 14:33:52.367215   29828 vm.go:121] DUMP: 
I0315 13:33:52.364765       8 dns.go:174] DNS server not ready, retry in 500 milliseconds
I0315 14:33:52.367259   29828 vm.go:114] [vm kube-sys hyperstart] hyper_modify_event modify event fd 4, 0x41f178, event 1
I0315 14:33:52.387816   29828 vm.go:114] [vm kube-sys hyperstart] hyper_loop epoll_wait 1
I0315 14:33:52.387846   29828 vm.go:114] [vm kube-sys hyperstart] hyper_handle_event get event 1, he 0xdd0f38, fd 14. ops 0x41f0d8
I0315 14:33:52.387871   29828 vm.go:114] [vm kube-sys hyperstart] hyper_handle_event event EPOLLIN, he 0xdd0f38, fd 14, 0x41f0d8
I0315 14:33:52.387894   29828 vm.go:114] [vm kube-sys hyperstart] stderr_loop, seq 4
I0315 14:33:52.387929   29828 vm.go:114] [vm kube-sys hyperstart] pts_loop: read 260 data
I0315 14:33:52.387953   29828 vm.go:114] [vm kube-sys hyperstart] hyper_modify_event modify event fd 4, 0x41f178, event 5
I0315 14:33:52.387986   29828 vm.go:114] [vm kube-sys hyperstart] hyper_loop epoll_wait 1
I0315 14:33:52.388013   29828 vm.go:114] [vm kube-sys hyperstart] hyper_handle_event get event 4, he 0x41f178, fd 4. ops 0x41f010
I0315 14:33:52.388044   29828 vm.go:114] [vm kube-sys hyperstart] hyper_handle_event event EPOLLOUT, he 0x41f178, fd 4, 0x41f010
I0315 14:33:52.388062   29828 vm.go:114] [vm kube-sys io] <- writing to client #3
I0315 14:33:52.388066   29828 vm.go:121] DUMP: 
E0315 13:33:52.385605       8 reflector.go:199] k8s.io/dns/vendor/k8s.io/client-go/tools/cache/reflector.go:94: Failed to list *v1.Endpoints: Get https://10.96.0.1:443/api/v1/endpoints?resourceVersion=0: dial tcp 10.96.0.1:443: connect: network is unreachable
I0315 14:33:52.388118   29828 vm.go:114] [vm kube-sys hyperstart] hyper_modify_event modify event fd 4, 0x41f178, event 1
I0315 14:33:52.388305   29828 vm.go:114] [vm kube-sys hyperstart] hyper_loop epoll_wait 1
I0315 14:33:52.388330   29828 vm.go:114] [vm kube-sys hyperstart] hyper_handle_event get event 1, he 0xdd0f38, fd 14. ops 0x41f0d8
I0315 14:33:52.388352   29828 vm.go:114] [vm kube-sys hyperstart] hyper_handle_event event EPOLLIN, he 0xdd0f38, fd 14, 0x41f0d8
I0315 14:33:52.388380   29828 vm.go:114] [vm kube-sys hyperstart] stderr_loop, seq 4
I0315 14:33:52.388415   29828 vm.go:114] [vm kube-sys hyperstart] pts_loop: read 257 data
I0315 14:33:52.388427   29828 vm.go:114] [vm kube-sys hyperstart] hyper_modify_event modify event fd 4, 0x41f178, event 5
I0315 14:33:52.388453   29828 vm.go:114] [vm kube-sys hyperstart] hyper_loop epoll_wait 1
I0315 14:33:52.388476   29828 vm.go:114] [vm kube-sys hyperstart] hyper_handle_event get event 4, he 0x41f178, fd 4. ops 0x41f010
I0315 14:33:52.388500   29828 vm.go:114] [vm kube-sys hyperstart] hyper_handle_event event EPOLLOUT, he 0x41f178, fd 4, 0x41f010
I0315 14:33:52.388516   29828 vm.go:114] [vm kube-sys io] <- writing to client #3
I0315 14:33:52.388522   29828 vm.go:121] DUMP: 
E0315 13:33:52.386146       8 reflector.go:199] k8s.io/dns/vendor/k8s.io/client-go/tools/cache/reflector.go:94: Failed to list *v1.Service: Get https://10.96.0.1:443/api/v1/services?resourceVersion=0: dial tcp 10.96.0.1:443: connect: network is unreachable
I0315 14:33:52.388552   29828 vm.go:114] [vm kube-sys hyperstart] hyper_modify_event modify event fd 4, 0x41f178, event 1
I0315 14:33:52.867068   29828 vm.go:114] [vm kube-sys hyperstart] hyper_loop epoll_wait 1
I0315 14:33:52.867103   29828 vm.go:114] [vm kube-sys hyperstart] hyper_handle_event get event 1, he 0xdd0f38, fd 14. ops 0x41f0d8
I0315 14:33:52.867128   29828 vm.go:114] [vm kube-sys hyperstart] hyper_handle_event event EPOLLIN, he 0xdd0f38, fd 14, 0x41f0d8
I0315 14:33:52.867166   29828 vm.go:114] [vm kube-sys hyperstart] stderr_loop, seq 4
I0315 14:33:52.867233   29828 vm.go:114] [vm kube-sys hyperstart] pts_loop: read 90 data
I0315 14:33:52.867249   29828 vm.go:114] [vm kube-sys hyperstart] hyper_modify_event modify event fd 4, 0x41f178, event 5
I0315 14:33:52.867307   29828 vm.go:114] [vm kube-sys hyperstart] hyper_loop epoll_wait 1
I0315 14:33:52.867373   29828 vm.go:114] [vm kube-sys hyperstart] hyper_handle_event get event 4, he 0x41f178, fd 4. ops 0x41f010
I0315 14:33:52.867388   29828 vm.go:114] [vm kube-sys hyperstart] hyper_handle_event event EPOLLOUT, he 0x41f178, fd 4, 0x41f010
I0315 14:33:52.867419   29828 vm.go:114] [vm kube-sys io] <- writing to client #3
I0315 14:33:52.867433   29828 vm.go:121] DUMP: 
I0315 13:33:52.864779       8 dns.go:174] DNS server not ready, retry in 500 milliseconds
I0315 14:33:52.867554   29828 vm.go:114] [vm kube-sys hyperstart] hyper_modify_event modify event fd 4, 0x41f178, event 1
I0315 14:33:53.367023   29828 vm.go:114] [vm kube-sys hyperstart] hyper_loop epoll_wait 1
I0315 14:33:53.367045   29828 vm.go:114] [vm kube-sys hyperstart] hyper_handle_event get event 1, he 0xdd0f38, fd 14. ops 0x41f0d8
I0315 14:33:53.367078   29828 vm.go:114] [vm kube-sys hyperstart] hyper_handle_event event EPOLLIN, he 0xdd0f38, fd 14, 0x41f0d8
I0315 14:33:53.367131   29828 vm.go:114] [vm kube-sys hyperstart] stderr_loop, seq 4
I0315 14:33:53.367144   29828 vm.go:114] [vm kube-sys hyperstart] pts_loop: read 90 data
I0315 14:33:53.367170   29828 vm.go:114] [vm kube-sys hyperstart] hyper_modify_event modify event fd 4, 0x41f178, event 5
I0315 14:33:53.367205   29828 vm.go:114] [vm kube-sys hyperstart] hyper_loop epoll_wait 1
I0315 14:33:53.367226   29828 vm.go:114] [vm kube-sys hyperstart] hyper_handle_event get event 4, he 0x41f178, fd 4. ops 0x41f010
I0315 14:33:53.367250   29828 vm.go:114] [vm kube-sys hyperstart] hyper_handle_event event EPOLLOUT, he 0x41f178, fd 4, 0x41f010
I0315 14:33:53.367268   29828 vm.go:114] [vm kube-sys io] <- writing to client #3
I0315 14:33:53.367276   29828 vm.go:121] DUMP: 
I0315 13:33:53.364770       8 dns.go:174] DNS server not ready, retry in 500 milliseconds
I0315 14:33:53.367312   29828 vm.go:114] [vm kube-sys hyperstart] hyper_modify_event modify event fd 4, 0x41f178, event 1
I0315 14:33:53.388210   29828 vm.go:114] [vm kube-sys hyperstart] hyper_loop epoll_wait 1
I0315 14:33:53.388231   29828 vm.go:114] [vm kube-sys hyperstart] hyper_handle_event get event 1, he 0xdd0f38, fd 14. ops 0x41f0d8
I0315 14:33:53.388245   29828 vm.go:114] [vm kube-sys hyperstart] hyper_handle_event event EPOLLIN, he 0xdd0f38, fd 14, 0x41f0d8
I0315 14:33:53.388271   29828 vm.go:114] [vm kube-sys hyperstart] stderr_loop, seq 4
I0315 14:33:53.388303   29828 vm.go:114] [vm kube-sys hyperstart] pts_loop: read 260 data
I0315 14:33:53.388338   29828 vm.go:114] [vm kube-sys hyperstart] hyper_modify_event modify event fd 4, 0x41f178, event 5
I0315 14:33:53.388372   29828 vm.go:114] [vm kube-sys hyperstart] hyper_loop epoll_wait 1
I0315 14:33:53.388399   29828 vm.go:114] [vm kube-sys hyperstart] hyper_handle_event get event 4, he 0x41f178, fd 4. ops 0x41f010
I0315 14:33:53.388446   29828 vm.go:114] [vm kube-sys hyperstart] hyper_handle_event event EPOLLOUT, he 0x41f178, fd 4, 0x41f010
I0315 14:33:53.388489   29828 vm.go:114] [vm kube-sys io] <- writing to client #3
I0315 14:33:53.388499   29828 vm.go:121] DUMP: 
E0315 13:33:53.385997       8 reflector.go:199] k8s.io/dns/vendor/k8s.io/client-go/tools/cache/reflector.go:94: Failed to list *v1.Endpoints: Get https://10.96.0.1:443/api/v1/endpoints?resourceVersion=0: dial tcp 10.96.0.1:443: connect: network is unreachable
I0315 14:33:53.388538   29828 vm.go:114] [vm kube-sys hyperstart] hyper_modify_event modify event fd 4, 0x41f178, event 1
I0315 14:33:53.388734   29828 vm.go:114] [vm kube-sys hyperstart] hyper_loop epoll_wait 1
I0315 14:33:53.388788   29828 vm.go:114] [vm kube-sys hyperstart] hyper_handle_event get event 1, he 0xdd0f38, fd 14. ops 0x41f0d8
I0315 14:33:53.388814   29828 vm.go:114] [vm kube-sys hyperstart] hyper_handle_event event EPOLLIN, he 0xdd0f38, fd 14, 0x41f0d8
I0315 14:33:53.388838   29828 vm.go:114] [vm kube-sys hyperstart] stderr_loop, seq 4
I0315 14:33:53.388863   29828 vm.go:114] [vm kube-sys hyperstart] pts_loop: read 257 data
I0315 14:33:53.388888   29828 vm.go:114] [vm kube-sys hyperstart] hyper_modify_event modify event fd 4, 0x41f178, event 5
I0315 14:33:53.388913   29828 vm.go:114] [vm kube-sys hyperstart] hyper_loop epoll_wait 1
I0315 14:33:53.388938   29828 vm.go:114] [vm kube-sys hyperstart] hyper_handle_event get event 4, he 0x41f178, fd 4. ops 0x41f010
I0315 14:33:53.388963   29828 vm.go:114] [vm kube-sys hyperstart] hyper_handle_event event EPOLLOUT, he 0x41f178, fd 4, 0x41f010
I0315 14:33:53.388979   29828 vm.go:114] [vm kube-sys io] <- writing to client #3
I0315 14:33:53.388984   29828 vm.go:121] DUMP: 
E0315 13:33:53.386583       8 reflector.go:199] k8s.io/dns/vendor/k8s.io/client-go/tools/cache/reflector.go:94: Failed to list *v1.Service: Get https://10.96.0.1:443/api/v1/services?resourceVersion=0: dial tcp 10.96.0.1:443: connect: network is unreachable
I0315 14:33:53.389022   29828 vm.go:114] [vm kube-sys hyperstart] hyper_modify_event modify event fd 4, 0x41f178, event 1
I0315 14:33:53.867011   29828 vm.go:114] [vm kube-sys hyperstart] hyper_loop epoll_wait 1
I0315 14:33:53.867033   29828 vm.go:114] [vm kube-sys hyperstart] hyper_handle_event get event 1, he 0xdd0f38, fd 14. ops 0x41f0d8
I0315 14:33:53.867038   29828 vm.go:114] [vm kube-sys hyperstart] hyper_handle_event event EPOLLIN, he 0xdd0f38, fd 14, 0x41f0d8
I0315 14:33:53.867066   29828 vm.go:114] [vm kube-sys hyperstart] stderr_loop, seq 4
I0315 14:33:53.867099   29828 vm.go:114] [vm kube-sys hyperstart] pts_loop: read 90 data
I0315 14:33:53.867123   29828 vm.go:114] [vm kube-sys hyperstart] hyper_modify_event modify event fd 4, 0x41f178, event 5
I0315 14:33:53.867168   29828 vm.go:114] [vm kube-sys hyperstart] hyper_loop epoll_wait 1
I0315 14:33:53.867178   29828 vm.go:114] [vm kube-sys hyperstart] hyper_handle_event get event 4, he 0x41f178, fd 4. ops 0x41f010
I0315 14:33:53.867204   29828 vm.go:114] [vm kube-sys hyperstart] hyper_handle_event event EPOLLOUT, he 0x41f178, fd 4, 0x41f010
I0315 14:33:53.867221   29828 vm.go:114] [vm kube-sys io] <- writing to client #3
I0315 14:33:53.867226   29828 vm.go:121] DUMP: 
I0315 13:33:53.864776       8 dns.go:174] DNS server not ready, retry in 500 milliseconds
I0315 14:33:53.867271   29828 vm.go:114] [vm kube-sys hyperstart] hyper_modify_event modify event fd 4, 0x41f178, event 1
I0315 14:33:54.366955   29828 vm.go:114] [vm kube-sys hyperstart] hyper_loop epoll_wait 1
I0315 14:33:54.366979   29828 vm.go:114] [vm kube-sys hyperstart] hyper_handle_event get event 1, he 0xdd0f38, fd 14. ops 0x41f0d8
I0315 14:33:54.366985   29828 vm.go:114] [vm kube-sys hyperstart] hyper_handle_event event EPOLLIN, he 0xdd0f38, fd 14, 0x41f0d8
I0315 14:33:54.367012   29828 vm.go:114] [vm kube-sys hyperstart] stderr_loop, seq 4
I0315 14:33:54.367045   29828 vm.go:114] [vm kube-sys hyperstart] pts_loop: read 90 data
I0315 14:33:54.367070   29828 vm.go:114] [vm kube-sys hyperstart] hyper_modify_event modify event fd 4, 0x41f178, event 5
I0315 14:33:54.367102   29828 vm.go:114] [vm kube-sys hyperstart] hyper_loop epoll_wait 1
I0315 14:33:54.367127   29828 vm.go:114] [vm kube-sys hyperstart] hyper_handle_event get event 4, he 0x41f178, fd 4. ops 0x41f010
I0315 14:33:54.367152   29828 vm.go:114] [vm kube-sys hyperstart] hyper_handle_event event EPOLLOUT, he 0x41f178, fd 4, 0x41f010
I0315 14:33:54.367174   29828 vm.go:114] [vm kube-sys io] <- writing to client #3
I0315 14:33:54.367179   29828 vm.go:121] DUMP: 
I0315 13:33:54.364760       8 dns.go:174] DNS server not ready, retry in 500 milliseconds
I0315 14:33:54.367226   29828 vm.go:114] [vm kube-sys hyperstart] hyper_modify_event modify event fd 4, 0x41f178, event 1
I0315 14:33:54.388514   29828 vm.go:114] [vm kube-sys hyperstart] hyper_loop epoll_wait 1
I0315 14:33:54.388534   29828 vm.go:114] [vm kube-sys hyperstart] hyper_handle_event get event 1, he 0xdd0f38, fd 14. ops 0x41f0d8
I0315 14:33:54.388553   29828 vm.go:114] [vm kube-sys hyperstart] hyper_handle_event event EPOLLIN, he 0xdd0f38, fd 14, 0x41f0d8
I0315 14:33:54.388577   29828 vm.go:114] [vm kube-sys hyperstart] stderr_loop, seq 4
I0315 14:33:54.388609   29828 vm.go:114] [vm kube-sys hyperstart] pts_loop: read 260 data
I0315 14:33:54.388633   29828 vm.go:114] [vm kube-sys hyperstart] hyper_modify_event modify event fd 4, 0x41f178, event 5
I0315 14:33:54.388666   29828 vm.go:114] [vm kube-sys hyperstart] hyper_loop epoll_wait 1
I0315 14:33:54.388691   29828 vm.go:114] [vm kube-sys hyperstart] hyper_handle_event get event 4, he 0x41f178, fd 4. ops 0x41f010
I0315 14:33:54.388716   29828 vm.go:114] [vm kube-sys hyperstart] hyper_handle_event event EPOLLOUT, he 0x41f178, fd 4, 0x41f010
I0315 14:33:54.388761   29828 vm.go:114] [vm kube-sys io] <- writing to client #3
I0315 14:33:54.388766   29828 vm.go:121] DUMP: 
E0315 13:33:54.386323       8 reflector.go:199] k8s.io/dns/vendor/k8s.io/client-go/tools/cache/reflector.go:94: Failed to list *v1.Endpoints: Get https://10.96.0.1:443/api/v1/endpoints?resourceVersion=0: dial tcp 10.96.0.1:443: connect: network is unreachable
I0315 14:33:54.388819   29828 vm.go:114] [vm kube-sys hyperstart] hyper_modify_event modify event fd 4, 0x41f178, event 1
I0315 14:33:54.389002   29828 vm.go:114] [vm kube-sys hyperstart] hyper_loop epoll_wait 1
I0315 14:33:54.389022   29828 vm.go:114] [vm kube-sys hyperstart] hyper_handle_event get event 1, he 0xdd0f38, fd 14. ops 0x41f0d8
I0315 14:33:54.389046   29828 vm.go:114] [vm kube-sys hyperstart] hyper_handle_event event EPOLLIN, he 0xdd0f38, fd 14, 0x41f0d8
I0315 14:33:54.389077   29828 vm.go:114] [vm kube-sys hyperstart] stderr_loop, seq 4
I0315 14:33:54.389096   29828 vm.go:114] [vm kube-sys hyperstart] pts_loop: read 257 data
I0315 14:33:54.389127   29828 vm.go:114] [vm kube-sys hyperstart] hyper_modify_event modify event fd 4, 0x41f178, event 5
I0315 14:33:54.389146   29828 vm.go:114] [vm kube-sys hyperstart] hyper_loop epoll_wait 1
I0315 14:33:54.389170   29828 vm.go:114] [vm kube-sys hyperstart] hyper_handle_event get event 4, he 0x41f178, fd 4. ops 0x41f010
I0315 14:33:54.389201   29828 vm.go:114] [vm kube-sys hyperstart] hyper_handle_event event EPOLLOUT, he 0x41f178, fd 4, 0x41f010
I0315 14:33:54.389216   29828 vm.go:114] [vm kube-sys io] <- writing to client #3
I0315 14:33:54.389223   29828 vm.go:121] DUMP: 
E0315 13:33:54.386868       8 reflector.go:199] k8s.io/dns/vendor/k8s.io/client-go/tools/cache/reflector.go:94: Failed to list *v1.Service: Get https://10.96.0.1:443/api/v1/services?resourceVersion=0: dial tcp 10.96.0.1:443: connect: network is unreachable
I0315 14:33:54.389260   29828 vm.go:114] [vm kube-sys hyperstart] hyper_modify_event modify event fd 4, 0x41f178, event 1
I0315 14:33:54.867107   29828 vm.go:114] [vm kube-sys hyperstart] hyper_loop epoll_wait 1
I0315 14:33:54.867148   29828 vm.go:114] [vm kube-sys hyperstart] hyper_handle_event get event 1, he 0xdd0f38, fd 14. ops 0x41f0d8
I0315 14:33:54.867205   29828 vm.go:114] [vm kube-sys hyperstart] hyper_handle_event event EPOLLIN, he 0xdd0f38, fd 14, 0x41f0d8
I0315 14:33:54.867258   29828 vm.go:114] [vm kube-sys hyperstart] stderr_loop, seq 4
I0315 14:33:54.867322   29828 vm.go:114] [vm kube-sys hyperstart] pts_loop: read 90 data
I0315 14:33:54.867382   29828 vm.go:114] [vm kube-sys hyperstart] hyper_modify_event modify event fd 4, 0x41f178, event 5
I0315 14:33:54.867414   29828 vm.go:114] [vm kube-sys hyperstart] hyper_loop epoll_wait 1
I0315 14:33:54.867439   29828 vm.go:114] [vm kube-sys hyperstart] hyper_handle_event get event 4, he 0x41f178, fd 4. ops 0x41f010
I0315 14:33:54.867464   29828 vm.go:114] [vm kube-sys hyperstart] hyper_handle_event event EPOLLOUT, he 0x41f178, fd 4, 0x41f010
I0315 14:33:54.867485   29828 vm.go:114] [vm kube-sys io] <- writing to client #3
I0315 14:33:54.867490   29828 vm.go:121] DUMP: 
I0315 13:33:54.864817       8 dns.go:174] DNS server not ready, retry in 500 milliseconds
I0315 14:33:54.867536   29828 vm.go:114] [vm kube-sys hyperstart] hyper_modify_event modify event fd 4, 0x41f178, event 1
I0315 14:33:55.366989   29828 vm.go:114] [vm kube-sys hyperstart] hyper_loop epoll_wait 1
I0315 14:33:55.367009   29828 vm.go:114] [vm kube-sys hyperstart] hyper_handle_event get event 1, he 0xdd0f38, fd 14. ops 0x41f0d8
I0315 14:33:55.367017   29828 vm.go:114] [vm kube-sys hyperstart] hyper_handle_event event EPOLLIN, he 0xdd0f38, fd 14, 0x41f0d8
I0315 14:33:55.367022   29828 vm.go:114] [vm kube-sys hyperstart] stderr_loop, seq 4
I0315 14:33:55.367080   29828 vm.go:114] [vm kube-sys hyperstart] pts_loop: read 90 data
I0315 14:33:55.367118   29828 vm.go:114] [vm kube-sys hyperstart] hyper_modify_event modify event fd 4, 0x41f178, event 5
I0315 14:33:55.367146   29828 vm.go:114] [vm kube-sys hyperstart] hyper_loop epoll_wait 1
I0315 14:33:55.367171   29828 vm.go:114] [vm kube-sys hyperstart] hyper_handle_event get event 4, he 0x41f178, fd 4. ops 0x41f010
I0315 14:33:55.367200   29828 vm.go:114] [vm kube-sys hyperstart] hyper_handle_event event EPOLLOUT, he 0x41f178, fd 4, 0x41f010
I0315 14:33:55.367215   29828 vm.go:114] [vm kube-sys io] <- writing to client #3
I0315 14:33:55.367221   29828 vm.go:121] DUMP: 
I0315 13:33:55.364779       8 dns.go:174] DNS server not ready, retry in 500 milliseconds
I0315 14:33:55.367264   29828 vm.go:114] [vm kube-sys hyperstart] hyper_modify_event modify event fd 4, 0x41f178, event 1
I0315 14:33:55.388803   29828 vm.go:114] [vm kube-sys hyperstart] hyper_loop epoll_wait 1
