I0315 14:33:55.388823   29828 vm.go:114] [vm kube-sys hyperstart] hyper_handle_event get event 1, he 0xdd0f38, fd 14. ops 0x41f0d8
I0315 14:33:55.388842   29828 vm.go:114] [vm kube-sys hyperstart] hyper_handle_event event EPOLLIN, he 0xdd0f38, fd 14, 0x41f0d8
I0315 14:33:55.388867   29828 vm.go:114] [vm kube-sys hyperstart] stderr_loop, seq 4
I0315 14:33:55.388898   29828 vm.go:114] [vm kube-sys hyperstart] pts_loop: read 260 data
I0315 14:33:55.388923   29828 vm.go:114] [vm kube-sys hyperstart] hyper_modify_event modify event fd 4, 0x41f178, event 5
I0315 14:33:55.388956   29828 vm.go:114] [vm kube-sys hyperstart] hyper_loop epoll_wait 1
I0315 14:33:55.388980   29828 vm.go:114] [vm kube-sys hyperstart] hyper_handle_event get event 4, he 0x41f178, fd 4. ops 0x41f010
I0315 14:33:55.389017   29828 vm.go:114] [vm kube-sys hyperstart] hyper_handle_event event EPOLLOUT, he 0x41f178, fd 4, 0x41f010
I0315 14:33:55.389034   29828 vm.go:114] [vm kube-sys io] <- writing to client #3
I0315 14:33:55.389039   29828 vm.go:121] DUMP: 
E0315 13:33:55.386620       8 reflector.go:199] k8s.io/dns/vendor/k8s.io/client-go/tools/cache/reflector.go:94: Failed to list *v1.Endpoints: Get https://10.96.0.1:443/api/v1/endpoints?resourceVersion=0: dial tcp 10.96.0.1:443: connect: network is unreachable
I0315 14:33:55.389082   29828 vm.go:114] [vm kube-sys hyperstart] hyper_modify_event modify event fd 4, 0x41f178, event 1
I0315 14:33:55.389411   29828 vm.go:114] [vm kube-sys hyperstart] hyper_loop epoll_wait 1
I0315 14:33:55.389466   29828 vm.go:114] [vm kube-sys hyperstart] hyper_handle_event get event 1, he 0xdd0f38, fd 14. ops 0x41f0d8
I0315 14:33:55.389523   29828 vm.go:114] [vm kube-sys hyperstart] hyper_handle_event event EPOLLIN, he 0xdd0f38, fd 14, 0x41f0d8
I0315 14:33:55.389573   29828 vm.go:114] [vm kube-sys hyperstart] stderr_loop, seq 4
I0315 14:33:55.389622   29828 vm.go:114] [vm kube-sys hyperstart] pts_loop: read 257 data
I0315 14:33:55.389670   29828 vm.go:114] [vm kube-sys hyperstart] hyper_modify_event modify event fd 4, 0x41f178, event 5
I0315 14:33:55.389750   29828 vm.go:114] [vm kube-sys hyperstart] hyper_loop epoll_wait 1
I0315 14:33:55.389804   29828 vm.go:114] [vm kube-sys hyperstart] hyper_handle_event get event 4, he 0x41f178, fd 4. ops 0x41f010
I0315 14:33:55.389852   29828 vm.go:114] [vm kube-sys hyperstart] hyper_handle_event event EPOLLOUT, he 0x41f178, fd 4, 0x41f010
I0315 14:33:55.389885   29828 vm.go:114] [vm kube-sys io] <- writing to client #3
I0315 14:33:55.389892   29828 vm.go:121] DUMP: 
E0315 13:33:55.387260       8 reflector.go:199] k8s.io/dns/vendor/k8s.io/client-go/tools/cache/reflector.go:94: Failed to list *v1.Service: Get https://10.96.0.1:443/api/v1/services?resourceVersion=0: dial tcp 10.96.0.1:443: connect: network is unreachable
I0315 14:33:55.389948   29828 vm.go:114] [vm kube-sys hyperstart] hyper_modify_event modify event fd 4, 0x41f178, event 1
I0315 14:33:55.867033   29828 vm.go:114] [vm kube-sys hyperstart] hyper_loop epoll_wait 1
I0315 14:33:55.867062   29828 vm.go:114] [vm kube-sys hyperstart] hyper_handle_event get event 1, he 0xdd0f38, fd 14. ops 0x41f0d8
I0315 14:33:55.867101   29828 vm.go:114] [vm kube-sys hyperstart] hyper_handle_event event EPOLLIN, he 0xdd0f38, fd 14, 0x41f0d8
I0315 14:33:55.867139   29828 vm.go:114] [vm kube-sys hyperstart] stderr_loop, seq 4
I0315 14:33:55.867188   29828 vm.go:114] [vm kube-sys hyperstart] pts_loop: read 90 data
I0315 14:33:55.867227   29828 vm.go:114] [vm kube-sys hyperstart] hyper_modify_event modify event fd 4, 0x41f178, event 5
I0315 14:33:55.867279   29828 vm.go:114] [vm kube-sys hyperstart] hyper_loop epoll_wait 1
I0315 14:33:55.867317   29828 vm.go:114] [vm kube-sys hyperstart] hyper_handle_event get event 4, he 0x41f178, fd 4. ops 0x41f010
I0315 14:33:55.867393   29828 vm.go:114] [vm kube-sys hyperstart] hyper_handle_event event EPOLLOUT, he 0x41f178, fd 4, 0x41f010
I0315 14:33:55.867418   29828 vm.go:114] [vm kube-sys io] <- writing to client #3
I0315 14:33:55.867423   29828 vm.go:121] DUMP: 
I0315 13:33:55.864819       8 dns.go:174] DNS server not ready, retry in 500 milliseconds
I0315 14:33:55.867457   29828 vm.go:114] [vm kube-sys hyperstart] hyper_modify_event modify event fd 4, 0x41f178, event 1
I0315 14:33:56.366914   29828 vm.go:114] [vm kube-sys hyperstart] hyper_loop epoll_wait 1
I0315 14:33:56.366939   29828 vm.go:114] [vm kube-sys hyperstart] hyper_handle_event get event 1, he 0xdd0f38, fd 14. ops 0x41f0d8
I0315 14:33:56.366944   29828 vm.go:114] [vm kube-sys hyperstart] hyper_handle_event event EPOLLIN, he 0xdd0f38, fd 14, 0x41f0d8
I0315 14:33:56.366973   29828 vm.go:114] [vm kube-sys hyperstart] stderr_loop, seq 4
I0315 14:33:56.367005   29828 vm.go:114] [vm kube-sys hyperstart] pts_loop: read 90 data
I0315 14:33:56.367029   29828 vm.go:114] [vm kube-sys hyperstart] hyper_modify_event modify event fd 4, 0x41f178, event 5
I0315 14:33:56.367062   29828 vm.go:114] [vm kube-sys hyperstart] hyper_loop epoll_wait 1
I0315 14:33:56.367087   29828 vm.go:114] [vm kube-sys hyperstart] hyper_handle_event get event 4, he 0x41f178, fd 4. ops 0x41f010
I0315 14:33:56.367111   29828 vm.go:114] [vm kube-sys hyperstart] hyper_handle_event event EPOLLOUT, he 0x41f178, fd 4, 0x41f010
I0315 14:33:56.367143   29828 vm.go:114] [vm kube-sys io] <- writing to client #3
I0315 14:33:56.367149   29828 vm.go:121] DUMP: 
I0315 13:33:56.364738       8 dns.go:174] DNS server not ready, retry in 500 milliseconds
I0315 14:33:56.367175   29828 vm.go:114] [vm kube-sys hyperstart] hyper_modify_event modify event fd 4, 0x41f178, event 1
I0315 14:33:56.389112   29828 vm.go:114] [vm kube-sys hyperstart] hyper_loop epoll_wait 1
I0315 14:33:56.389132   29828 vm.go:114] [vm kube-sys hyperstart] hyper_handle_event get event 1, he 0xdd0f38, fd 14. ops 0x41f0d8
I0315 14:33:56.389145   29828 vm.go:114] [vm kube-sys hyperstart] hyper_handle_event event EPOLLIN, he 0xdd0f38, fd 14, 0x41f0d8
I0315 14:33:56.389174   29828 vm.go:114] [vm kube-sys hyperstart] stderr_loop, seq 4
I0315 14:33:56.389206   29828 vm.go:114] [vm kube-sys hyperstart] pts_loop: read 260 data
I0315 14:33:56.389231   29828 vm.go:114] [vm kube-sys hyperstart] hyper_modify_event modify event fd 4, 0x41f178, event 5
I0315 14:33:56.389263   29828 vm.go:114] [vm kube-sys hyperstart] hyper_loop epoll_wait 1
I0315 14:33:56.389288   29828 vm.go:114] [vm kube-sys hyperstart] hyper_handle_event get event 4, he 0x41f178, fd 4. ops 0x41f010
I0315 14:33:56.389312   29828 vm.go:114] [vm kube-sys hyperstart] hyper_handle_event event EPOLLOUT, he 0x41f178, fd 4, 0x41f010
I0315 14:33:56.389332   29828 vm.go:114] [vm kube-sys io] <- writing to client #3
I0315 14:33:56.389337   29828 vm.go:121] DUMP: 
E0315 13:33:56.386954       8 reflector.go:199] k8s.io/dns/vendor/k8s.io/client-go/tools/cache/reflector.go:94: Failed to list *v1.Endpoints: Get https://10.96.0.1:443/api/v1/endpoints?resourceVersion=0: dial tcp 10.96.0.1:443: connect: network is unreachable
I0315 14:33:56.389379   29828 vm.go:114] [vm kube-sys hyperstart] hyper_modify_event modify event fd 4, 0x41f178, event 1
I0315 14:33:56.389659   29828 vm.go:114] [vm kube-sys hyperstart] hyper_loop epoll_wait 1
I0315 14:33:56.389684   29828 vm.go:114] [vm kube-sys hyperstart] hyper_handle_event get event 1, he 0xdd0f38, fd 14. ops 0x41f0d8
I0315 14:33:56.389727   29828 vm.go:114] [vm kube-sys hyperstart] hyper_handle_event event EPOLLIN, he 0xdd0f38, fd 14, 0x41f0d8
I0315 14:33:56.389749   29828 vm.go:114] [vm kube-sys hyperstart] stderr_loop, seq 4
I0315 14:33:56.389772   29828 vm.go:114] [vm kube-sys hyperstart] pts_loop: read 257 data
I0315 14:33:56.389799   29828 vm.go:114] [vm kube-sys hyperstart] hyper_modify_event modify event fd 4, 0x41f178, event 5
I0315 14:33:56.389822   29828 vm.go:114] [vm kube-sys hyperstart] hyper_loop epoll_wait 1
I0315 14:33:56.389846   29828 vm.go:114] [vm kube-sys hyperstart] hyper_handle_event get event 4, he 0x41f178, fd 4. ops 0x41f010
I0315 14:33:56.389875   29828 vm.go:114] [vm kube-sys hyperstart] hyper_handle_event event EPOLLOUT, he 0x41f178, fd 4, 0x41f010
I0315 14:33:56.389887   29828 vm.go:114] [vm kube-sys io] <- writing to client #3
I0315 14:33:56.389892   29828 vm.go:121] DUMP: 
E0315 13:33:56.387538       8 reflector.go:199] k8s.io/dns/vendor/k8s.io/client-go/tools/cache/reflector.go:94: Failed to list *v1.Service: Get https://10.96.0.1:443/api/v1/services?resourceVersion=0: dial tcp 10.96.0.1:443: connect: network is unreachable
I0315 14:33:56.389930   29828 vm.go:114] [vm kube-sys hyperstart] hyper_modify_event modify event fd 4, 0x41f178, event 1
I0315 14:33:56.866974   29828 vm.go:114] [vm kube-sys hyperstart] hyper_loop epoll_wait 1
I0315 14:33:56.867013   29828 vm.go:114] [vm kube-sys hyperstart] hyper_handle_event get event 1, he 0xdd0f38, fd 14. ops 0x41f0d8
I0315 14:33:56.867052   29828 vm.go:114] [vm kube-sys hyperstart] hyper_handle_event event EPOLLIN, he 0xdd0f38, fd 14, 0x41f0d8
I0315 14:33:56.867090   29828 vm.go:114] [vm kube-sys hyperstart] stderr_loop, seq 4
I0315 14:33:56.867143   29828 vm.go:114] [vm kube-sys hyperstart] pts_loop: read 90 data
I0315 14:33:56.867186   29828 vm.go:114] [vm kube-sys hyperstart] hyper_modify_event modify event fd 4, 0x41f178, event 5
I0315 14:33:56.867232   29828 vm.go:114] [vm kube-sys hyperstart] hyper_loop epoll_wait 1
I0315 14:33:56.867275   29828 vm.go:114] [vm kube-sys hyperstart] hyper_handle_event get event 4, he 0x41f178, fd 4. ops 0x41f010
I0315 14:33:56.867324   29828 vm.go:114] [vm kube-sys hyperstart] hyper_handle_event event EPOLLOUT, he 0x41f178, fd 4, 0x41f010
I0315 14:33:56.867399   29828 vm.go:114] [vm kube-sys io] <- writing to client #3
I0315 14:33:56.867406   29828 vm.go:121] DUMP: 
I0315 13:33:56.864765       8 dns.go:174] DNS server not ready, retry in 500 milliseconds
I0315 14:33:56.867454   29828 vm.go:114] [vm kube-sys hyperstart] hyper_modify_event modify event fd 4, 0x41f178, event 1
I0315 14:33:57.366964   29828 vm.go:114] [vm kube-sys hyperstart] hyper_loop epoll_wait 1
I0315 14:33:57.367034   29828 vm.go:114] [vm kube-sys hyperstart] hyper_handle_event get event 1, he 0xdd0f38, fd 14. ops 0x41f0d8
I0315 14:33:57.367125   29828 vm.go:114] [vm kube-sys hyperstart] hyper_handle_event event EPOLLIN, he 0xdd0f38, fd 14, 0x41f0d8
I0315 14:33:57.367166   29828 vm.go:114] [vm kube-sys hyperstart] stderr_loop, seq 4
I0315 14:33:57.367224   29828 vm.go:114] [vm kube-sys hyperstart] pts_loop: read 90 data
I0315 14:33:57.367266   29828 vm.go:114] [vm kube-sys hyperstart] hyper_modify_event modify event fd 4, 0x41f178, event 5
I0315 14:33:57.367323   29828 vm.go:114] [vm kube-sys hyperstart] hyper_loop epoll_wait 1
I0315 14:33:57.367407   29828 vm.go:114] [vm kube-sys hyperstart] hyper_handle_event get event 4, he 0x41f178, fd 4. ops 0x41f010
I0315 14:33:57.367424   29828 vm.go:114] [vm kube-sys hyperstart] hyper_handle_event event EPOLLOUT, he 0x41f178, fd 4, 0x41f010
I0315 14:33:57.367455   29828 vm.go:114] [vm kube-sys io] <- writing to client #3
I0315 14:33:57.367466   29828 vm.go:121] DUMP: 
I0315 13:33:57.364765       8 dns.go:174] DNS server not ready, retry in 500 milliseconds
I0315 14:33:57.367527   29828 vm.go:114] [vm kube-sys hyperstart] hyper_modify_event modify event fd 4, 0x41f178, event 1
I0315 14:33:57.390679   29828 vm.go:114] [vm kube-sys hyperstart] hyper_loop epoll_wait 1
I0315 14:33:57.390835   29828 vm.go:114] [vm kube-sys hyperstart] hyper_handle_event get event 1, he 0xdd0f38, fd 14. ops 0x41f0d8
I0315 14:33:57.390962   29828 vm.go:114] [vm kube-sys hyperstart] hyper_handle_event event EPOLLIN, he 0xdd0f38, fd 14, 0x41f0d8
I0315 14:33:57.391008   29828 vm.go:114] [vm kube-sys hyperstart] stderr_loop, seq 4
I0315 14:33:57.391122   29828 vm.go:114] [vm kube-sys hyperstart] pts_loop: read 517 data
I0315 14:33:57.391207   29828 vm.go:114] [vm kube-sys hyperstart] hyper_modify_event modify event fd 4, 0x41f178, event 5
I0315 14:33:57.391326   29828 vm.go:114] [vm kube-sys hyperstart] hyper_loop epoll_wait 1
I0315 14:33:57.391411   29828 vm.go:114] [vm kube-sys hyperstart] hyper_handle_event get event 4, he 0x41f178, fd 4. ops 0x41f010
I0315 14:33:57.391440   29828 vm.go:114] [vm kube-sys hyperstart] hyper_handle_event event EPOLLOUT, he 0x41f178, fd 4, 0x41f010
I0315 14:33:57.391457   29828 vm.go:114] [vm kube-sys io] <- writing to client #3
I0315 14:33:57.391462   29828 vm.go:121] DUMP: 
E0315 13:33:57.387721       8 reflector.go:199] k8s.io/dns/vendor/k8s.io/client-go/tools/cache/reflector.go:94: Failed to list *v1.Endpoints: Get https://10.96.0.1:443/api/v1/endpoints?resourceVersion=0: dial tcp 10.96.0.1:443: connect: network is unreachable
E0315 13:33:57.388314       8 reflector.go:199] k8s.io/dns/vendor/k8s.io/client-go/tools/cache/reflector.go:94: Failed to list *v1.Service: Get https://10.96.0.1:443/api/v1/services?resourceVersion=0: dial tcp 10.96.0.1:443: connect: network is unreachable
I0315 14:33:57.391510   29828 vm.go:114] [vm kube-sys hyperstart] hyper_modify_event modify event fd 4, 0x41f178, event 1
I0315 14:33:57.866958   29828 vm.go:114] [vm kube-sys hyperstart] hyper_loop epoll_wait 1
I0315 14:33:57.866983   29828 vm.go:114] [vm kube-sys hyperstart] hyper_handle_event get event 1, he 0xdd0f38, fd 14. ops 0x41f0d8
I0315 14:33:57.867019   29828 vm.go:114] [vm kube-sys hyperstart] hyper_handle_event event EPOLLIN, he 0xdd0f38, fd 14, 0x41f0d8
I0315 14:33:57.867049   29828 vm.go:114] [vm kube-sys hyperstart] stderr_loop, seq 4
I0315 14:33:57.867099   29828 vm.go:114] [vm kube-sys hyperstart] pts_loop: read 90 data
I0315 14:33:57.867128   29828 vm.go:114] [vm kube-sys hyperstart] hyper_modify_event modify event fd 4, 0x41f178, event 5
I0315 14:33:57.867179   29828 vm.go:114] [vm kube-sys hyperstart] hyper_loop epoll_wait 1
I0315 14:33:57.867208   29828 vm.go:114] [vm kube-sys hyperstart] hyper_handle_event get event 4, he 0x41f178, fd 4. ops 0x41f010
I0315 14:33:57.867242   29828 vm.go:114] [vm kube-sys hyperstart] hyper_handle_event event EPOLLOUT, he 0x41f178, fd 4, 0x41f010
I0315 14:33:57.867271   29828 vm.go:114] [vm kube-sys io] <- writing to client #3
I0315 14:33:57.867278   29828 vm.go:121] DUMP: 
I0315 13:33:57.864768       8 dns.go:174] DNS server not ready, retry in 500 milliseconds
I0315 14:33:57.867333   29828 vm.go:114] [vm kube-sys hyperstart] hyper_modify_event modify event fd 4, 0x41f178, event 1
I0315 14:33:58.367135   29828 vm.go:114] [vm kube-sys hyperstart] hyper_loop epoll_wait 1
I0315 14:33:58.367186   29828 vm.go:114] [vm kube-sys hyperstart] hyper_handle_event get event 1, he 0xdd0f38, fd 14. ops 0x41f0d8
I0315 14:33:58.367249   29828 vm.go:114] [vm kube-sys hyperstart] hyper_handle_event event EPOLLIN, he 0xdd0f38, fd 14, 0x41f0d8
I0315 14:33:58.367367   29828 vm.go:114] [vm kube-sys hyperstart] stderr_loop, seq 4
I0315 14:33:58.367426   29828 vm.go:114] [vm kube-sys hyperstart] pts_loop: read 90 data
I0315 14:33:58.367435   29828 vm.go:114] [vm kube-sys hyperstart] hyper_modify_event modify event fd 4, 0x41f178, event 5
I0315 14:33:58.367462   29828 vm.go:114] [vm kube-sys hyperstart] hyper_loop epoll_wait 1
I0315 14:33:58.367491   29828 vm.go:114] [vm kube-sys hyperstart] hyper_handle_event get event 4, he 0x41f178, fd 4. ops 0x41f010
I0315 14:33:58.367513   29828 vm.go:114] [vm kube-sys hyperstart] hyper_handle_event event EPOLLOUT, he 0x41f178, fd 4, 0x41f010
I0315 14:33:58.367532   29828 vm.go:114] [vm kube-sys io] <- writing to client #3
I0315 14:33:58.367537   29828 vm.go:121] DUMP: 
I0315 13:33:58.364846       8 dns.go:174] DNS server not ready, retry in 500 milliseconds
I0315 14:33:58.367593   29828 vm.go:114] [vm kube-sys hyperstart] hyper_modify_event modify event fd 4, 0x41f178, event 1
I0315 14:33:58.390219   29828 vm.go:114] [vm kube-sys hyperstart] hyper_loop epoll_wait 1
I0315 14:33:58.390238   29828 vm.go:114] [vm kube-sys hyperstart] hyper_handle_event get event 1, he 0xdd0f38, fd 14. ops 0x41f0d8
I0315 14:33:58.390257   29828 vm.go:114] [vm kube-sys hyperstart] hyper_handle_event event EPOLLIN, he 0xdd0f38, fd 14, 0x41f0d8
I0315 14:33:58.390281   29828 vm.go:114] [vm kube-sys hyperstart] stderr_loop, seq 4
I0315 14:33:58.390313   29828 vm.go:114] [vm kube-sys hyperstart] pts_loop: read 260 data
I0315 14:33:58.390338   29828 vm.go:114] [vm kube-sys hyperstart] hyper_modify_event modify event fd 4, 0x41f178, event 5
I0315 14:33:58.390371   29828 vm.go:114] [vm kube-sys hyperstart] hyper_loop epoll_wait 1
I0315 14:33:58.390396   29828 vm.go:114] [vm kube-sys hyperstart] hyper_handle_event get event 4, he 0x41f178, fd 4. ops 0x41f010
I0315 14:33:58.390421   29828 vm.go:114] [vm kube-sys hyperstart] hyper_handle_event event EPOLLOUT, he 0x41f178, fd 4, 0x41f010
I0315 14:33:58.390463   29828 vm.go:114] [vm kube-sys io] <- writing to client #3
I0315 14:33:58.390469   29828 vm.go:121] DUMP: 
E0315 13:33:58.388077       8 reflector.go:199] k8s.io/dns/vendor/k8s.io/client-go/tools/cache/reflector.go:94: Failed to list *v1.Endpoints: Get https://10.96.0.1:443/api/v1/endpoints?resourceVersion=0: dial tcp 10.96.0.1:443: connect: network is unreachable
I0315 14:33:58.390494   29828 vm.go:114] [vm kube-sys hyperstart] hyper_modify_event modify event fd 4, 0x41f178, event 1
I0315 14:33:58.390765   29828 vm.go:114] [vm kube-sys hyperstart] hyper_loop epoll_wait 1
I0315 14:33:58.390787   29828 vm.go:114] [vm kube-sys hyperstart] hyper_handle_event get event 1, he 0xdd0f38, fd 14. ops 0x41f0d8
I0315 14:33:58.390811   29828 vm.go:114] [vm kube-sys hyperstart] hyper_handle_event event EPOLLIN, he 0xdd0f38, fd 14, 0x41f0d8
I0315 14:33:58.390836   29828 vm.go:114] [vm kube-sys hyperstart] stderr_loop, seq 4
I0315 14:33:58.390861   29828 vm.go:114] [vm kube-sys hyperstart] pts_loop: read 257 data
I0315 14:33:58.390894   29828 vm.go:114] [vm kube-sys hyperstart] hyper_modify_event modify event fd 4, 0x41f178, event 5
I0315 14:33:58.390917   29828 vm.go:114] [vm kube-sys hyperstart] hyper_loop epoll_wait 1
I0315 14:33:58.390939   29828 vm.go:114] [vm kube-sys hyperstart] hyper_handle_event get event 4, he 0x41f178, fd 4. ops 0x41f010
I0315 14:33:58.390961   29828 vm.go:114] [vm kube-sys hyperstart] hyper_handle_event event EPOLLOUT, he 0x41f178, fd 4, 0x41f010
I0315 14:33:58.390984   29828 vm.go:114] [vm kube-sys io] <- writing to client #3
I0315 14:33:58.390989   29828 vm.go:121] DUMP: 
E0315 13:33:58.388625       8 reflector.go:199] k8s.io/dns/vendor/k8s.io/client-go/tools/cache/reflector.go:94: Failed to list *v1.Service: Get https://10.96.0.1:443/api/v1/services?resourceVersion=0: dial tcp 10.96.0.1:443: connect: network is unreachable
I0315 14:33:58.391027   29828 vm.go:114] [vm kube-sys hyperstart] hyper_modify_event modify event fd 4, 0x41f178, event 1
I0315 14:33:58.866929   29828 vm.go:114] [vm kube-sys hyperstart] hyper_loop epoll_wait 1
I0315 14:33:58.866951   29828 vm.go:114] [vm kube-sys hyperstart] hyper_handle_event get event 1, he 0xdd0f38, fd 14. ops 0x41f0d8
I0315 14:33:58.866978   29828 vm.go:114] [vm kube-sys hyperstart] hyper_handle_event event EPOLLIN, he 0xdd0f38, fd 14, 0x41f0d8
I0315 14:33:58.867002   29828 vm.go:114] [vm kube-sys hyperstart] stderr_loop, seq 4
I0315 14:33:58.867035   29828 vm.go:114] [vm kube-sys hyperstart] pts_loop: read 90 data
I0315 14:33:58.867062   29828 vm.go:114] [vm kube-sys hyperstart] hyper_modify_event modify event fd 4, 0x41f178, event 5
I0315 14:33:58.867092   29828 vm.go:114] [vm kube-sys hyperstart] hyper_loop epoll_wait 1
I0315 14:33:58.867117   29828 vm.go:114] [vm kube-sys hyperstart] hyper_handle_event get event 4, he 0x41f178, fd 4. ops 0x41f010
I0315 14:33:58.867145   29828 vm.go:114] [vm kube-sys hyperstart] hyper_handle_event event EPOLLOUT, he 0x41f178, fd 4, 0x41f010
I0315 14:33:58.867161   29828 vm.go:114] [vm kube-sys io] <- writing to client #3
I0315 14:33:58.867166   29828 vm.go:121] DUMP: 
I0315 13:33:58.864793       8 dns.go:174] DNS server not ready, retry in 500 milliseconds
I0315 14:33:58.867211   29828 vm.go:114] [vm kube-sys hyperstart] hyper_modify_event modify event fd 4, 0x41f178, event 1
I0315 14:33:59.366943   29828 vm.go:114] [vm kube-sys hyperstart] hyper_loop epoll_wait 1
I0315 14:33:59.366968   29828 vm.go:114] [vm kube-sys hyperstart] hyper_handle_event get event 1, he 0xdd0f38, fd 14. ops 0x41f0d8
I0315 14:33:59.367000   29828 vm.go:114] [vm kube-sys hyperstart] hyper_handle_event event EPOLLIN, he 0xdd0f38, fd 14, 0x41f0d8
I0315 14:33:59.367030   29828 vm.go:114] [vm kube-sys hyperstart] stderr_loop, seq 4
I0315 14:33:59.367075   29828 vm.go:114] [vm kube-sys hyperstart] pts_loop: read 90 data
I0315 14:33:59.367107   29828 vm.go:114] [vm kube-sys hyperstart] hyper_modify_event modify event fd 4, 0x41f178, event 5
I0315 14:33:59.367151   29828 vm.go:114] [vm kube-sys hyperstart] hyper_loop epoll_wait 1
I0315 14:33:59.367183   29828 vm.go:114] [vm kube-sys hyperstart] hyper_handle_event get event 4, he 0x41f178, fd 4. ops 0x41f010
I0315 14:33:59.367216   29828 vm.go:114] [vm kube-sys hyperstart] hyper_handle_event event EPOLLOUT, he 0x41f178, fd 4, 0x41f010
I0315 14:33:59.367244   29828 vm.go:114] [vm kube-sys io] <- writing to client #3
I0315 14:33:59.367264   29828 vm.go:121] DUMP: 
I0315 13:33:59.364786       8 dns.go:174] DNS server not ready, retry in 500 milliseconds
I0315 14:33:59.367286   29828 vm.go:114] [vm kube-sys hyperstart] hyper_modify_event modify event fd 4, 0x41f178, event 1
I0315 14:33:59.390611   29828 vm.go:114] [vm kube-sys hyperstart] hyper_loop epoll_wait 1
I0315 14:33:59.390644   29828 vm.go:114] [vm kube-sys hyperstart] hyper_handle_event get event 1, he 0xdd0f38, fd 14. ops 0x41f0d8
I0315 14:33:59.390730   29828 vm.go:114] [vm kube-sys hyperstart] hyper_handle_event event EPOLLIN, he 0xdd0f38, fd 14, 0x41f0d8
I0315 14:33:59.390745   29828 vm.go:114] [vm kube-sys hyperstart] stderr_loop, seq 4
I0315 14:33:59.390770   29828 vm.go:114] [vm kube-sys hyperstart] pts_loop: read 260 data
I0315 14:33:59.390802   29828 vm.go:114] [vm kube-sys hyperstart] hyper_modify_event modify event fd 4, 0x41f178, event 5
I0315 14:33:59.390840   29828 vm.go:114] [vm kube-sys hyperstart] hyper_loop epoll_wait 1
I0315 14:33:59.390874   29828 vm.go:114] [vm kube-sys hyperstart] hyper_handle_event get event 4, he 0x41f178, fd 4. ops 0x41f010
I0315 14:33:59.390903   29828 vm.go:114] [vm kube-sys hyperstart] hyper_handle_event event EPOLLOUT, he 0x41f178, fd 4, 0x41f010
I0315 14:33:59.390925   29828 vm.go:114] [vm kube-sys io] <- writing to client #3
I0315 14:33:59.390931   29828 vm.go:121] DUMP: 
E0315 13:33:59.388475       8 reflector.go:199] k8s.io/dns/vendor/k8s.io/client-go/tools/cache/reflector.go:94: Failed to list *v1.Endpoints: Get https://10.96.0.1:443/api/v1/endpoints?resourceVersion=0: dial tcp 10.96.0.1:443: connect: network is unreachable
I0315 14:33:59.390969   29828 vm.go:114] [vm kube-sys hyperstart] hyper_modify_event modify event fd 4, 0x41f178, event 1
I0315 14:33:59.391261   29828 vm.go:114] [vm kube-sys hyperstart] hyper_loop epoll_wait 1
I0315 14:33:59.391290   29828 vm.go:114] [vm kube-sys hyperstart] hyper_handle_event get event 1, he 0xdd0f38, fd 14. ops 0x41f0d8
I0315 14:33:59.391323   29828 vm.go:114] [vm kube-sys hyperstart] hyper_handle_event event EPOLLIN, he 0xdd0f38, fd 14, 0x41f0d8
I0315 14:33:59.391373   29828 vm.go:114] [vm kube-sys hyperstart] stderr_loop, seq 4
I0315 14:33:59.391401   29828 vm.go:114] [vm kube-sys hyperstart] pts_loop: read 257 data
I0315 14:33:59.391423   29828 vm.go:114] [vm kube-sys hyperstart] hyper_modify_event modify event fd 4, 0x41f178, event 5
I0315 14:33:59.391447   29828 vm.go:114] [vm kube-sys hyperstart] hyper_loop epoll_wait 1
I0315 14:33:59.391474   29828 vm.go:114] [vm kube-sys hyperstart] hyper_handle_event get event 4, he 0x41f178, fd 4. ops 0x41f010
I0315 14:33:59.391497   29828 vm.go:114] [vm kube-sys hyperstart] hyper_handle_event event EPOLLOUT, he 0x41f178, fd 4, 0x41f010
I0315 14:33:59.391513   29828 vm.go:114] [vm kube-sys io] <- writing to client #3
I0315 14:33:59.391518   29828 vm.go:121] DUMP: 
E0315 13:33:59.389175       8 reflector.go:199] k8s.io/dns/vendor/k8s.io/client-go/tools/cache/reflector.go:94: Failed to list *v1.Service: Get https://10.96.0.1:443/api/v1/services?resourceVersion=0: dial tcp 10.96.0.1:443: connect: network is unreachable
I0315 14:33:59.391563   29828 vm.go:114] [vm kube-sys hyperstart] hyper_modify_event modify event fd 4, 0x41f178, event 1
I0315 14:33:59.866924   29828 vm.go:114] [vm kube-sys hyperstart] hyper_loop epoll_wait 1
I0315 14:33:59.866948   29828 vm.go:114] [vm kube-sys hyperstart] hyper_handle_event get event 1, he 0xdd0f38, fd 14. ops 0x41f0d8
I0315 14:33:59.866971   29828 vm.go:114] [vm kube-sys hyperstart] hyper_handle_event event EPOLLIN, he 0xdd0f38, fd 14, 0x41f0d8
I0315 14:33:59.866994   29828 vm.go:114] [vm kube-sys hyperstart] stderr_loop, seq 4
I0315 14:33:59.867026   29828 vm.go:114] [vm kube-sys hyperstart] pts_loop: read 90 data
I0315 14:33:59.867051   29828 vm.go:114] [vm kube-sys hyperstart] hyper_modify_event modify event fd 4, 0x41f178, event 5
I0315 14:33:59.867083   29828 vm.go:114] [vm kube-sys hyperstart] hyper_loop epoll_wait 1
I0315 14:33:59.867108   29828 vm.go:114] [vm kube-sys hyperstart] hyper_handle_event get event 4, he 0x41f178, fd 4. ops 0x41f010
I0315 14:33:59.867146   29828 vm.go:114] [vm kube-sys hyperstart] hyper_handle_event event EPOLLOUT, he 0x41f178, fd 4, 0x41f010
I0315 14:33:59.867157   29828 vm.go:114] [vm kube-sys io] <- writing to client #3
I0315 14:33:59.867162   29828 vm.go:121] DUMP: 
I0315 13:33:59.864774       8 dns.go:174] DNS server not ready, retry in 500 milliseconds
I0315 14:33:59.867199   29828 vm.go:114] [vm kube-sys hyperstart] hyper_modify_event modify event fd 4, 0x41f178, event 1
I0315 14:34:00.366888   29828 vm.go:114] [vm kube-sys hyperstart] hyper_loop epoll_wait 1
I0315 14:34:00.366914   29828 vm.go:114] [vm kube-sys hyperstart] hyper_handle_event get event 1, he 0xdd0f38, fd 14. ops 0x41f0d8
I0315 14:34:00.366950   29828 vm.go:114] [vm kube-sys hyperstart] hyper_handle_event event EPOLLIN, he 0xdd0f38, fd 14, 0x41f0d8
I0315 14:34:00.366961   29828 vm.go:114] [vm kube-sys hyperstart] stderr_loop, seq 4
I0315 14:34:00.366997   29828 vm.go:114] [vm kube-sys hyperstart] pts_loop: read 90 data
I0315 14:34:00.367024   29828 vm.go:114] [vm kube-sys hyperstart] hyper_modify_event modify event fd 4, 0x41f178, event 5
I0315 14:34:00.367054   29828 vm.go:114] [vm kube-sys hyperstart] hyper_loop epoll_wait 1
I0315 14:34:00.367082   29828 vm.go:114] [vm kube-sys hyperstart] hyper_handle_event get event 4, he 0x41f178, fd 4. ops 0x41f010
I0315 14:34:00.367103   29828 vm.go:114] [vm kube-sys hyperstart] hyper_handle_event event EPOLLOUT, he 0x41f178, fd 4, 0x41f010
I0315 14:34:00.367121   29828 vm.go:114] [vm kube-sys io] <- writing to client #3
I0315 14:34:00.367126   29828 vm.go:121] DUMP: 
I0315 13:34:00.364777       8 dns.go:174] DNS server not ready, retry in 500 milliseconds
I0315 14:34:00.367183   29828 vm.go:114] [vm kube-sys hyperstart] hyper_modify_event modify event fd 4, 0x41f178, event 1
I0315 14:34:00.390941   29828 vm.go:114] [vm kube-sys hyperstart] hyper_loop epoll_wait 1
I0315 14:34:00.390963   29828 vm.go:114] [vm kube-sys hyperstart] hyper_handle_event get event 1, he 0xdd0f38, fd 14. ops 0x41f0d8
I0315 14:34:00.390976   29828 vm.go:114] [vm kube-sys hyperstart] hyper_handle_event event EPOLLIN, he 0xdd0f38, fd 14, 0x41f0d8
I0315 14:34:00.391003   29828 vm.go:114] [vm kube-sys hyperstart] stderr_loop, seq 4
I0315 14:34:00.391026   29828 vm.go:114] [vm kube-sys hyperstart] pts_loop: read 260 data
I0315 14:34:00.391050   29828 vm.go:114] [vm kube-sys hyperstart] hyper_modify_event modify event fd 4, 0x41f178, event 5
I0315 14:34:00.391087   29828 vm.go:114] [vm kube-sys hyperstart] hyper_loop epoll_wait 1
I0315 14:34:00.391108   29828 vm.go:114] [vm kube-sys hyperstart] hyper_handle_event get event 4, he 0x41f178, fd 4. ops 0x41f010
I0315 14:34:00.391132   29828 vm.go:114] [vm kube-sys hyperstart] hyper_handle_event event EPOLLOUT, he 0x41f178, fd 4, 0x41f010
I0315 14:34:00.391151   29828 vm.go:114] [vm kube-sys io] <- writing to client #3
I0315 14:34:00.391156   29828 vm.go:121] DUMP: 
E0315 13:34:00.388822       8 reflector.go:199] k8s.io/dns/vendor/k8s.io/client-go/tools/cache/reflector.go:94: Failed to list *v1.Endpoints: Get https://10.96.0.1:443/api/v1/endpoints?resourceVersion=0: dial tcp 10.96.0.1:443: connect: network is unreachable
I0315 14:34:00.391205   29828 vm.go:114] [vm kube-sys hyperstart] hyper_modify_event modify event fd 4, 0x41f178, event 1
I0315 14:34:00.391520   29828 vm.go:114] [vm kube-sys hyperstart] hyper_loop epoll_wait 1
I0315 14:34:00.391549   29828 vm.go:114] [vm kube-sys hyperstart] hyper_handle_event get event 1, he 0xdd0f38, fd 14. ops 0x41f0d8
I0315 14:34:00.391571   29828 vm.go:114] [vm kube-sys hyperstart] hyper_handle_event event EPOLLIN, he 0xdd0f38, fd 14, 0x41f0d8
I0315 14:34:00.391594   29828 vm.go:114] [vm kube-sys hyperstart] stderr_loop, seq 4
I0315 14:34:00.391617   29828 vm.go:114] [vm kube-sys hyperstart] pts_loop: read 257 data
I0315 14:34:00.391641   29828 vm.go:114] [vm kube-sys hyperstart] hyper_modify_event modify event fd 4, 0x41f178, event 5
I0315 14:34:00.391687   29828 vm.go:114] [vm kube-sys hyperstart] hyper_loop epoll_wait 1
I0315 14:34:00.391743   29828 vm.go:114] [vm kube-sys hyperstart] hyper_handle_event get event 4, he 0x41f178, fd 4. ops 0x41f010
I0315 14:34:00.391766   29828 vm.go:114] [vm kube-sys hyperstart] hyper_handle_event event EPOLLOUT, he 0x41f178, fd 4, 0x41f010
I0315 14:34:00.391786   29828 vm.go:114] [vm kube-sys io] <- writing to client #3
I0315 14:34:00.391790   29828 vm.go:121] DUMP: 
E0315 13:34:00.389458       8 reflector.go:199] k8s.io/dns/vendor/k8s.io/client-go/tools/cache/reflector.go:94: Failed to list *v1.Service: Get https://10.96.0.1:443/api/v1/services?resourceVersion=0: dial tcp 10.96.0.1:443: connect: network is unreachable
I0315 14:34:00.391813   29828 vm.go:114] [vm kube-sys hyperstart] hyper_modify_event modify event fd 4, 0x41f178, event 1
I0315 14:34:00.866876   29828 vm.go:114] [vm kube-sys hyperstart] hyper_loop epoll_wait 1
I0315 14:34:00.866899   29828 vm.go:114] [vm kube-sys hyperstart] hyper_handle_event get event 1, he 0xdd0f38, fd 14. ops 0x41f0d8
I0315 14:34:00.866908   29828 vm.go:114] [vm kube-sys hyperstart] hyper_handle_event event EPOLLIN, he 0xdd0f38, fd 14, 0x41f0d8
I0315 14:34:00.866937   29828 vm.go:114] [vm kube-sys hyperstart] stderr_loop, seq 4
I0315 14:34:00.866968   29828 vm.go:114] [vm kube-sys hyperstart] pts_loop: read 90 data
I0315 14:34:00.866993   29828 vm.go:114] [vm kube-sys hyperstart] hyper_modify_event modify event fd 4, 0x41f178, event 5
I0315 14:34:00.867036   29828 vm.go:114] [vm kube-sys hyperstart] hyper_loop epoll_wait 1
I0315 14:34:00.867050   29828 vm.go:114] [vm kube-sys hyperstart] hyper_handle_event get event 4, he 0x41f178, fd 4. ops 0x41f010
I0315 14:34:00.867074   29828 vm.go:114] [vm kube-sys hyperstart] hyper_handle_event event EPOLLOUT, he 0x41f178, fd 4, 0x41f010
I0315 14:34:00.867095   29828 vm.go:114] [vm kube-sys io] <- writing to client #3
I0315 14:34:00.867100   29828 vm.go:121] DUMP: 
I0315 13:34:00.864750       8 dns.go:174] DNS server not ready, retry in 500 milliseconds
I0315 14:34:00.867146   29828 vm.go:114] [vm kube-sys hyperstart] hyper_modify_event modify event fd 4, 0x41f178, event 1
I0315 14:34:01.366895   29828 vm.go:114] [vm kube-sys hyperstart] hyper_loop epoll_wait 1
I0315 14:34:01.366933   29828 vm.go:114] [vm kube-sys hyperstart] hyper_handle_event get event 1, he 0xdd0f38, fd 14. ops 0x41f0d8
I0315 14:34:01.366986   29828 vm.go:114] [vm kube-sys hyperstart] hyper_handle_event event EPOLLIN, he 0xdd0f38, fd 14, 0x41f0d8
I0315 14:34:01.367032   29828 vm.go:114] [vm kube-sys hyperstart] stderr_loop, seq 4
I0315 14:34:01.367080   29828 vm.go:114] [vm kube-sys hyperstart] pts_loop: read 90 data
I0315 14:34:01.367131   29828 vm.go:114] [vm kube-sys hyperstart] hyper_modify_event modify event fd 4, 0x41f178, event 5
I0315 14:34:01.367175   29828 vm.go:114] [vm kube-sys hyperstart] hyper_loop epoll_wait 1
I0315 14:34:01.367225   29828 vm.go:114] [vm kube-sys hyperstart] hyper_handle_event get event 4, he 0x41f178, fd 4. ops 0x41f010
I0315 14:34:01.367266   29828 vm.go:114] [vm kube-sys hyperstart] hyper_handle_event event EPOLLOUT, he 0x41f178, fd 4, 0x41f010
I0315 14:34:01.367295   29828 vm.go:114] [vm kube-sys io] <- writing to client #3
I0315 14:34:01.367309   29828 vm.go:121] DUMP: 
I0315 13:34:01.364740       8 dns.go:174] DNS server not ready, retry in 500 milliseconds
I0315 14:34:01.367396   29828 vm.go:114] [vm kube-sys hyperstart] hyper_modify_event modify event fd 4, 0x41f178, event 1
I0315 14:34:01.391417   29828 vm.go:114] [vm kube-sys hyperstart] hyper_loop epoll_wait 1
I0315 14:34:01.391452   29828 vm.go:114] [vm kube-sys hyperstart] hyper_handle_event get event 1, he 0xdd0f38, fd 14. ops 0x41f0d8
I0315 14:34:01.391477   29828 vm.go:114] [vm kube-sys hyperstart] hyper_handle_event event EPOLLIN, he 0xdd0f38, fd 14, 0x41f0d8
I0315 14:34:01.391520   29828 vm.go:114] [vm kube-sys hyperstart] stderr_loop, seq 4
I0315 14:34:01.391584   29828 vm.go:114] [vm kube-sys hyperstart] pts_loop: read 260 data
I0315 14:34:01.391624   29828 vm.go:114] [vm kube-sys hyperstart] hyper_modify_event modify event fd 4, 0x41f178, event 5
I0315 14:34:01.391676   29828 vm.go:114] [vm kube-sys hyperstart] hyper_loop epoll_wait 1
I0315 14:34:01.391727   29828 vm.go:114] [vm kube-sys hyperstart] hyper_handle_event get event 4, he 0x41f178, fd 4. ops 0x41f010
I0315 14:34:01.391808   29828 vm.go:114] [vm kube-sys hyperstart] hyper_handle_event event EPOLLOUT, he 0x41f178, fd 4, 0x41f010
I0315 14:34:01.391833   29828 vm.go:114] [vm kube-sys io] <- writing to client #3
I0315 14:34:01.391845   29828 vm.go:121] DUMP: 
E0315 13:34:01.389229       8 reflector.go:199] k8s.io/dns/vendor/k8s.io/client-go/tools/cache/reflector.go:94: Failed to list *v1.Endpoints: Get https://10.96.0.1:443/api/v1/endpoints?resourceVersion=0: dial tcp 10.96.0.1:443: connect: network is unreachable
I0315 14:34:01.391890   29828 vm.go:114] [vm kube-sys hyperstart] hyper_modify_event modify event fd 4, 0x41f178, event 1
I0315 14:34:01.392228   29828 vm.go:114] [vm kube-sys hyperstart] hyper_loop epoll_wait 1
I0315 14:34:01.392269   29828 vm.go:114] [vm kube-sys hyperstart] hyper_handle_event get event 1, he 0xdd0f38, fd 14. ops 0x41f0d8
I0315 14:34:01.392310   29828 vm.go:114] [vm kube-sys hyperstart] hyper_handle_event event EPOLLIN, he 0xdd0f38, fd 14, 0x41f0d8
I0315 14:34:01.392349   29828 vm.go:114] [vm kube-sys hyperstart] stderr_loop, seq 4
I0315 14:34:01.392402   29828 vm.go:114] [vm kube-sys hyperstart] pts_loop: read 257 data
I0315 14:34:01.392438   29828 vm.go:114] [vm kube-sys hyperstart] hyper_modify_event modify event fd 4, 0x41f178, event 5
I0315 14:34:01.392473   29828 vm.go:114] [vm kube-sys hyperstart] hyper_loop epoll_wait 1
I0315 14:34:01.392518   29828 vm.go:114] [vm kube-sys hyperstart] hyper_handle_event get event 4, he 0x41f178, fd 4. ops 0x41f010
I0315 14:34:01.392552   29828 vm.go:114] [vm kube-sys hyperstart] hyper_handle_event event EPOLLOUT, he 0x41f178, fd 4, 0x41f010
I0315 14:34:01.392586   29828 vm.go:114] [vm kube-sys io] <- writing to client #3
I0315 14:34:01.392598   29828 vm.go:121] DUMP: 
E0315 13:34:01.390114       8 reflector.go:199] k8s.io/dns/vendor/k8s.io/client-go/tools/cache/reflector.go:94: Failed to list *v1.Service: Get https://10.96.0.1:443/api/v1/services?resourceVersion=0: dial tcp 10.96.0.1:443: connect: network is unreachable
I0315 14:34:01.392629   29828 vm.go:114] [vm kube-sys hyperstart] hyper_modify_event modify event fd 4, 0x41f178, event 1
I0315 14:34:01.866852   29828 vm.go:114] [vm kube-sys hyperstart] hyper_loop epoll_wait 1
I0315 14:34:01.866873   29828 vm.go:114] [vm kube-sys hyperstart] hyper_handle_event get event 1, he 0xdd0f38, fd 14. ops 0x41f0d8
I0315 14:34:01.866881   29828 vm.go:114] [vm kube-sys hyperstart] hyper_handle_event event EPOLLIN, he 0xdd0f38, fd 14, 0x41f0d8
I0315 14:34:01.866908   29828 vm.go:114] [vm kube-sys hyperstart] stderr_loop, seq 4
I0315 14:34:01.866941   29828 vm.go:114] [vm kube-sys hyperstart] pts_loop: read 90 data
I0315 14:34:01.866965   29828 vm.go:114] [vm kube-sys hyperstart] hyper_modify_event modify event fd 4, 0x41f178, event 5
I0315 14:34:01.867001   29828 vm.go:114] [vm kube-sys hyperstart] hyper_loop epoll_wait 1
I0315 14:34:01.867022   29828 vm.go:114] [vm kube-sys hyperstart] hyper_handle_event get event 4, he 0x41f178, fd 4. ops 0x41f010
I0315 14:34:01.867047   29828 vm.go:114] [vm kube-sys hyperstart] hyper_handle_event event EPOLLOUT, he 0x41f178, fd 4, 0x41f010
I0315 14:34:01.867065   29828 vm.go:114] [vm kube-sys io] <- writing to client #3
I0315 14:34:01.867070   29828 vm.go:121] DUMP: 
I0315 13:34:01.864755       8 dns.go:174] DNS server not ready, retry in 500 milliseconds
I0315 14:34:01.867119   29828 vm.go:114] [vm kube-sys hyperstart] hyper_modify_event modify event fd 4, 0x41f178, event 1
I0315 14:34:02.366846   29828 vm.go:114] [vm kube-sys hyperstart] hyper_loop epoll_wait 1
I0315 14:34:02.366875   29828 vm.go:114] [vm kube-sys hyperstart] hyper_handle_event get event 1, he 0xdd0f38, fd 14. ops 0x41f0d8
I0315 14:34:02.366885   29828 vm.go:114] [vm kube-sys hyperstart] hyper_handle_event event EPOLLIN, he 0xdd0f38, fd 14, 0x41f0d8
I0315 14:34:02.366908   29828 vm.go:114] [vm kube-sys hyperstart] stderr_loop, seq 4
I0315 14:34:02.366936   29828 vm.go:114] [vm kube-sys hyperstart] pts_loop: read 90 data
I0315 14:34:02.366962   29828 vm.go:114] [vm kube-sys hyperstart] hyper_modify_event modify event fd 4, 0x41f178, event 5
I0315 14:34:02.366991   29828 vm.go:114] [vm kube-sys hyperstart] hyper_loop epoll_wait 1
I0315 14:34:02.367019   29828 vm.go:114] [vm kube-sys hyperstart] hyper_handle_event get event 4, he 0x41f178, fd 4. ops 0x41f010
I0315 14:34:02.367049   29828 vm.go:114] [vm kube-sys hyperstart] hyper_handle_event event EPOLLOUT, he 0x41f178, fd 4, 0x41f010
I0315 14:34:02.367066   29828 vm.go:114] [vm kube-sys io] <- writing to client #3
I0315 14:34:02.367074   29828 vm.go:121] DUMP: 
I0315 13:34:02.364736       8 dns.go:174] DNS server not ready, retry in 500 milliseconds
I0315 14:34:02.367111   29828 vm.go:114] [vm kube-sys hyperstart] hyper_modify_event modify event fd 4, 0x41f178, event 1
I0315 14:34:02.391673   29828 vm.go:114] [vm kube-sys hyperstart] hyper_loop epoll_wait 1
I0315 14:34:02.391703   29828 vm.go:114] [vm kube-sys hyperstart] hyper_handle_event get event 1, he 0xdd0f38, fd 14. ops 0x41f0d8
I0315 14:34:02.391754   29828 vm.go:114] [vm kube-sys hyperstart] hyper_handle_event event EPOLLIN, he 0xdd0f38, fd 14, 0x41f0d8
I0315 14:34:02.391764   29828 vm.go:114] [vm kube-sys hyperstart] stderr_loop, seq 4
I0315 14:34:02.391791   29828 vm.go:114] [vm kube-sys hyperstart] pts_loop: read 260 data
I0315 14:34:02.391822   29828 vm.go:114] [vm kube-sys hyperstart] hyper_modify_event modify event fd 4, 0x41f178, event 5
I0315 14:34:02.391852   29828 vm.go:114] [vm kube-sys hyperstart] hyper_loop epoll_wait 1
I0315 14:34:02.391878   29828 vm.go:114] [vm kube-sys hyperstart] hyper_handle_event get event 4, he 0x41f178, fd 4. ops 0x41f010
I0315 14:34:02.391901   29828 vm.go:114] [vm kube-sys hyperstart] hyper_handle_event event EPOLLOUT, he 0x41f178, fd 4, 0x41f010
I0315 14:34:02.391924   29828 vm.go:114] [vm kube-sys io] <- writing to client #3
I0315 14:34:02.391931   29828 vm.go:121] DUMP: 
E0315 13:34:02.389570       8 reflector.go:199] k8s.io/dns/vendor/k8s.io/client-go/tools/cache/reflector.go:94: Failed to list *v1.Endpoints: Get https://10.96.0.1:443/api/v1/endpoints?resourceVersion=0: dial tcp 10.96.0.1:443: connect: network is unreachable
I0315 14:34:02.391951   29828 vm.go:114] [vm kube-sys hyperstart] hyper_modify_event modify event fd 4, 0x41f178, event 1
I0315 14:34:02.392475   29828 vm.go:114] [vm kube-sys hyperstart] hyper_loop epoll_wait 1
I0315 14:34:02.392522   29828 vm.go:114] [vm kube-sys hyperstart] hyper_handle_event get event 1, he 0xdd0f38, fd 14. ops 0x41f0d8
I0315 14:34:02.392532   29828 vm.go:114] [vm kube-sys hyperstart] hyper_handle_event event EPOLLIN, he 0xdd0f38, fd 14, 0x41f0d8
I0315 14:34:02.392553   29828 vm.go:114] [vm kube-sys hyperstart] stderr_loop, seq 4
I0315 14:34:02.392648   29828 vm.go:114] [vm kube-sys hyperstart] pts_loop: read 257 data
I0315 14:34:02.392673   29828 vm.go:114] [vm kube-sys hyperstart] hyper_modify_event modify event fd 4, 0x41f178, event 5
I0315 14:34:02.392701   29828 vm.go:114] [vm kube-sys hyperstart] hyper_loop epoll_wait 1
I0315 14:34:02.392732   29828 vm.go:114] [vm kube-sys hyperstart] hyper_handle_event get event 4, he 0x41f178, fd 4. ops 0x41f010
I0315 14:34:02.392751   29828 vm.go:114] [vm kube-sys hyperstart] hyper_handle_event event EPOLLOUT, he 0x41f178, fd 4, 0x41f010
I0315 14:34:02.392770   29828 vm.go:114] [vm kube-sys io] <- writing to client #3
I0315 14:34:02.392778   29828 vm.go:121] DUMP: 
E0315 13:34:02.390431       8 reflector.go:199] k8s.io/dns/vendor/k8s.io/client-go/tools/cache/reflector.go:94: Failed to list *v1.Service: Get https://10.96.0.1:443/api/v1/services?resourceVersion=0: dial tcp 10.96.0.1:443: connect: network is unreachable
I0315 14:34:02.392809   29828 vm.go:114] [vm kube-sys hyperstart] hyper_modify_event modify event fd 4, 0x41f178, event 1
I0315 14:34:02.866933   29828 vm.go:114] [vm kube-sys hyperstart] hyper_loop epoll_wait 1
I0315 14:34:02.866981   29828 vm.go:114] [vm kube-sys hyperstart] hyper_handle_event get event 1, he 0xdd0f38, fd 14. ops 0x41f0d8
I0315 14:34:02.867003   29828 vm.go:114] [vm kube-sys hyperstart] hyper_handle_event event EPOLLIN, he 0xdd0f38, fd 14, 0x41f0d8
I0315 14:34:02.867058   29828 vm.go:114] [vm kube-sys hyperstart] stderr_loop, seq 4
I0315 14:34:02.867101   29828 vm.go:114] [vm kube-sys hyperstart] pts_loop: read 90 data
I0315 14:34:02.867152   29828 vm.go:114] [vm kube-sys hyperstart] hyper_modify_event modify event fd 4, 0x41f178, event 5
I0315 14:34:02.867200   29828 vm.go:114] [vm kube-sys hyperstart] hyper_loop epoll_wait 1
I0315 14:34:02.867240   29828 vm.go:114] [vm kube-sys hyperstart] hyper_handle_event get event 4, he 0x41f178, fd 4. ops 0x41f010
I0315 14:34:02.867282   29828 vm.go:114] [vm kube-sys hyperstart] hyper_handle_event event EPOLLOUT, he 0x41f178, fd 4, 0x41f010
I0315 14:34:02.867329   29828 vm.go:114] [vm kube-sys io] <- writing to client #3
I0315 14:34:02.867384   29828 vm.go:121] DUMP: 
I0315 13:34:02.864781       8 dns.go:174] DNS server not ready, retry in 500 milliseconds
I0315 14:34:02.867405   29828 vm.go:114] [vm kube-sys hyperstart] hyper_modify_event modify event fd 4, 0x41f178, event 1
I0315 14:34:03.366933   29828 vm.go:114] [vm kube-sys hyperstart] hyper_loop epoll_wait 1
I0315 14:34:03.366972   29828 vm.go:114] [vm kube-sys hyperstart] hyper_handle_event get event 1, he 0xdd0f38, fd 14. ops 0x41f0d8
I0315 14:34:03.367024   29828 vm.go:114] [vm kube-sys hyperstart] hyper_handle_event event EPOLLIN, he 0xdd0f38, fd 14, 0x41f0d8
I0315 14:34:03.367077   29828 vm.go:114] [vm kube-sys hyperstart] stderr_loop, seq 4
I0315 14:34:03.367123   29828 vm.go:114] [vm kube-sys hyperstart] pts_loop: read 90 data
I0315 14:34:03.367176   29828 vm.go:114] [vm kube-sys hyperstart] hyper_modify_event modify event fd 4, 0x41f178, event 5
I0315 14:34:03.367219   29828 vm.go:114] [vm kube-sys hyperstart] hyper_loop epoll_wait 1
I0315 14:34:03.367271   29828 vm.go:114] [vm kube-sys hyperstart] hyper_handle_event get event 4, he 0x41f178, fd 4. ops 0x41f010
I0315 14:34:03.367316   29828 vm.go:114] [vm kube-sys hyperstart] hyper_handle_event event EPOLLOUT, he 0x41f178, fd 4, 0x41f010
I0315 14:34:03.367394   29828 vm.go:114] [vm kube-sys io] <- writing to client #3
I0315 14:34:03.367428   29828 vm.go:121] DUMP: 
I0315 13:34:03.364797       8 dns.go:174] DNS server not ready, retry in 500 milliseconds
I0315 14:34:03.367495   29828 vm.go:114] [vm kube-sys hyperstart] hyper_modify_event modify event fd 4, 0x41f178, event 1
I0315 14:34:03.392063   29828 vm.go:114] [vm kube-sys hyperstart] hyper_loop epoll_wait 1
I0315 14:34:03.392102   29828 vm.go:114] [vm kube-sys hyperstart] hyper_handle_event get event 1, he 0xdd0f38, fd 14. ops 0x41f0d8
I0315 14:34:03.392150   29828 vm.go:114] [vm kube-sys hyperstart] hyper_handle_event event EPOLLIN, he 0xdd0f38, fd 14, 0x41f0d8
I0315 14:34:03.392200   29828 vm.go:114] [vm kube-sys hyperstart] stderr_loop, seq 4
I0315 14:34:03.392244   29828 vm.go:114] [vm kube-sys hyperstart] pts_loop: read 260 data
I0315 14:34:03.392290   29828 vm.go:114] [vm kube-sys hyperstart] hyper_modify_event modify event fd 4, 0x41f178, event 5
I0315 14:34:03.392338   29828 vm.go:114] [vm kube-sys hyperstart] hyper_loop epoll_wait 1
I0315 14:34:03.392387   29828 vm.go:114] [vm kube-sys hyperstart] hyper_handle_event get event 4, he 0x41f178, fd 4. ops 0x41f010
I0315 14:34:03.392429   29828 vm.go:114] [vm kube-sys hyperstart] hyper_handle_event event EPOLLOUT, he 0x41f178, fd 4, 0x41f010
I0315 14:34:03.392458   29828 vm.go:114] [vm kube-sys io] <- writing to client #3
I0315 14:34:03.392492   29828 vm.go:121] DUMP: 
E0315 13:34:03.389952       8 reflector.go:199] k8s.io/dns/vendor/k8s.io/client-go/tools/cache/reflector.go:94: Failed to list *v1.Endpoints: Get https://10.96.0.1:443/api/v1/endpoints?resourceVersion=0: dial tcp 10.96.0.1:443: connect: network is unreachable
I0315 14:34:03.392525   29828 vm.go:114] [vm kube-sys hyperstart] hyper_modify_event modify event fd 4, 0x41f178, event 1
I0315 14:34:03.392971   29828 vm.go:114] [vm kube-sys hyperstart] hyper_loop epoll_wait 1
I0315 14:34:03.393016   29828 vm.go:114] [vm kube-sys hyperstart] hyper_handle_event get event 1, he 0xdd0f38, fd 14. ops 0x41f0d8
I0315 14:34:03.393064   29828 vm.go:114] [vm kube-sys hyperstart] hyper_handle_event event EPOLLIN, he 0xdd0f38, fd 14, 0x41f0d8
I0315 14:34:03.393113   29828 vm.go:114] [vm kube-sys hyperstart] stderr_loop, seq 4
I0315 14:34:03.393156   29828 vm.go:114] [vm kube-sys hyperstart] pts_loop: read 257 data
I0315 14:34:03.393202   29828 vm.go:114] [vm kube-sys hyperstart] hyper_modify_event modify event fd 4, 0x41f178, event 5
I0315 14:34:03.393248   29828 vm.go:114] [vm kube-sys hyperstart] hyper_loop epoll_wait 1
I0315 14:34:03.393310   29828 vm.go:114] [vm kube-sys hyperstart] hyper_handle_event get event 4, he 0x41f178, fd 4. ops 0x41f010
I0315 14:34:03.393347   29828 vm.go:114] [vm kube-sys hyperstart] hyper_handle_event event EPOLLOUT, he 0x41f178, fd 4, 0x41f010
I0315 14:34:03.393372   29828 vm.go:114] [vm kube-sys io] <- writing to client #3
I0315 14:34:03.393385   29828 vm.go:121] DUMP: 
E0315 13:34:03.390903       8 reflector.go:199] k8s.io/dns/vendor/k8s.io/client-go/tools/cache/reflector.go:94: Failed to list *v1.Service: Get https://10.96.0.1:443/api/v1/services?resourceVersion=0: dial tcp 10.96.0.1:443: connect: network is unreachable
I0315 14:34:03.393420   29828 vm.go:114] [vm kube-sys hyperstart] hyper_modify_event modify event fd 4, 0x41f178, event 1
I0315 14:34:03.867225   29828 vm.go:114] [vm kube-sys hyperstart] hyper_loop epoll_wait 1
I0315 14:34:03.867373   29828 vm.go:114] [vm kube-sys hyperstart] hyper_handle_event get event 1, he 0xdd0f38, fd 14. ops 0x41f0d8
I0315 14:34:03.867408   29828 vm.go:114] [vm kube-sys hyperstart] hyper_handle_event event EPOLLIN, he 0xdd0f38, fd 14, 0x41f0d8
I0315 14:34:03.867449   29828 vm.go:114] [vm kube-sys hyperstart] stderr_loop, seq 4
I0315 14:34:03.867508   29828 vm.go:114] [vm kube-sys hyperstart] pts_loop: read 90 data
I0315 14:34:03.867574   29828 vm.go:114] [vm kube-sys hyperstart] hyper_modify_event modify event fd 4, 0x41f178, event 5
I0315 14:34:03.867613   29828 vm.go:114] [vm kube-sys hyperstart] hyper_loop epoll_wait 1
I0315 14:34:03.867718   29828 vm.go:114] [vm kube-sys hyperstart] hyper_handle_event get event 4, he 0x41f178, fd 4. ops 0x41f010
I0315 14:34:03.867753   29828 vm.go:114] [vm kube-sys hyperstart] hyper_handle_event event EPOLLOUT, he 0x41f178, fd 4, 0x41f010
I0315 14:34:03.867784   29828 vm.go:114] [vm kube-sys io] <- writing to client #3
I0315 14:34:03.867798   29828 vm.go:121] DUMP: 
I0315 13:34:03.864884       8 dns.go:174] DNS server not ready, retry in 500 milliseconds
I0315 14:34:03.867828   29828 vm.go:114] [vm kube-sys hyperstart] hyper_modify_event modify event fd 4, 0x41f178, event 1
I0315 14:34:04.366854   29828 vm.go:114] [vm kube-sys hyperstart] hyper_loop epoll_wait 1
I0315 14:34:04.366883   29828 vm.go:114] [vm kube-sys hyperstart] hyper_handle_event get event 1, he 0xdd0f38, fd 14. ops 0x41f0d8
I0315 14:34:04.366921   29828 vm.go:114] [vm kube-sys hyperstart] hyper_handle_event event EPOLLIN, he 0xdd0f38, fd 14, 0x41f0d8
I0315 14:34:04.366931   29828 vm.go:114] [vm kube-sys hyperstart] stderr_loop, seq 4
I0315 14:34:04.366975   29828 vm.go:114] [vm kube-sys hyperstart] pts_loop: read 90 data
I0315 14:34:04.367003   29828 vm.go:114] [vm kube-sys hyperstart] hyper_modify_event modify event fd 4, 0x41f178, event 5
I0315 14:34:04.367029   29828 vm.go:114] [vm kube-sys hyperstart] hyper_loop epoll_wait 1
I0315 14:34:04.367048   29828 vm.go:114] [vm kube-sys hyperstart] hyper_handle_event get event 4, he 0x41f178, fd 4. ops 0x41f010
I0315 14:34:04.367089   29828 vm.go:114] [vm kube-sys hyperstart] hyper_handle_event event EPOLLOUT, he 0x41f178, fd 4, 0x41f010
I0315 14:34:04.367114   29828 vm.go:114] [vm kube-sys io] <- writing to client #3
I0315 14:34:04.367124   29828 vm.go:121] DUMP: 
I0315 13:34:04.364770       8 dns.go:174] DNS server not ready, retry in 500 milliseconds
I0315 14:34:04.367142   29828 vm.go:114] [vm kube-sys hyperstart] hyper_modify_event modify event fd 4, 0x41f178, event 1
I0315 14:34:04.392354   29828 vm.go:114] [vm kube-sys hyperstart] hyper_loop epoll_wait 1
